Archive member included to satisfy reference by file (symbol)

c:/ac6/systemworkbench/plugins/fr.ac6.mcu.externaltools.arm-none.win32_1.15.0.201708311556/tools/compiler/bin/../lib/gcc/arm-none-eabi/6.3.1/thumb/v7e-m/fpv4-sp/hard\libgcc.a(_aeabi_uldivmod.o)
                              Drivers/STM32F4xx_HAL_Driver/Src/stm32f4xx_hal_rcc.o (__aeabi_uldivmod)
c:/ac6/systemworkbench/plugins/fr.ac6.mcu.externaltools.arm-none.win32_1.15.0.201708311556/tools/compiler/bin/../lib/gcc/arm-none-eabi/6.3.1/thumb/v7e-m/fpv4-sp/hard\libgcc.a(_udivmoddi4.o)
                              c:/ac6/systemworkbench/plugins/fr.ac6.mcu.externaltools.arm-none.win32_1.15.0.201708311556/tools/compiler/bin/../lib/gcc/arm-none-eabi/6.3.1/thumb/v7e-m/fpv4-sp/hard\libgcc.a(_aeabi_uldivmod.o) (__udivmoddi4)
c:/ac6/systemworkbench/plugins/fr.ac6.mcu.externaltools.arm-none.win32_1.15.0.201708311556/tools/compiler/bin/../lib/gcc/arm-none-eabi/6.3.1/thumb/v7e-m/fpv4-sp/hard\libgcc.a(_dvmd_tls.o)
                              c:/ac6/systemworkbench/plugins/fr.ac6.mcu.externaltools.arm-none.win32_1.15.0.201708311556/tools/compiler/bin/../lib/gcc/arm-none-eabi/6.3.1/thumb/v7e-m/fpv4-sp/hard\libgcc.a(_aeabi_uldivmod.o) (__aeabi_ldiv0)
c:/ac6/systemworkbench/plugins/fr.ac6.mcu.externaltools.arm-none.win32_1.15.0.201708311556/tools/compiler/bin/../lib/gcc/arm-none-eabi/6.3.1/../../../../arm-none-eabi/lib/thumb/v7e-m/fpv4-sp/hard\libc_nano.a(lib_a-exit.o)
                              c:/ac6/systemworkbench/plugins/fr.ac6.mcu.externaltools.arm-none.win32_1.15.0.201708311556/tools/compiler/bin/../lib/gcc/arm-none-eabi/6.3.1/../../../../arm-none-eabi/lib/thumb/v7e-m/fpv4-sp/hard/crt0.o (exit)
c:/ac6/systemworkbench/plugins/fr.ac6.mcu.externaltools.arm-none.win32_1.15.0.201708311556/tools/compiler/bin/../lib/gcc/arm-none-eabi/6.3.1/../../../../arm-none-eabi/lib/thumb/v7e-m/fpv4-sp/hard\libc_nano.a(lib_a-impure.o)
                              c:/ac6/systemworkbench/plugins/fr.ac6.mcu.externaltools.arm-none.win32_1.15.0.201708311556/tools/compiler/bin/../lib/gcc/arm-none-eabi/6.3.1/../../../../arm-none-eabi/lib/thumb/v7e-m/fpv4-sp/hard\libc_nano.a(lib_a-exit.o) (_global_impure_ptr)
c:/ac6/systemworkbench/plugins/fr.ac6.mcu.externaltools.arm-none.win32_1.15.0.201708311556/tools/compiler/bin/../lib/gcc/arm-none-eabi/6.3.1/../../../../arm-none-eabi/lib/thumb/v7e-m/fpv4-sp/hard\libc_nano.a(lib_a-init.o)
                              c:/ac6/systemworkbench/plugins/fr.ac6.mcu.externaltools.arm-none.win32_1.15.0.201708311556/tools/compiler/bin/../lib/gcc/arm-none-eabi/6.3.1/../../../../arm-none-eabi/lib/thumb/v7e-m/fpv4-sp/hard/crt0.o (__libc_init_array)
c:/ac6/systemworkbench/plugins/fr.ac6.mcu.externaltools.arm-none.win32_1.15.0.201708311556/tools/compiler/bin/../lib/gcc/arm-none-eabi/6.3.1/../../../../arm-none-eabi/lib/thumb/v7e-m/fpv4-sp/hard\libc_nano.a(lib_a-malloc.o)
                              Middlewares/ST/STM32_USB_Device_Library/Class/CDC/Src/usbd_cdc.o (malloc)
c:/ac6/systemworkbench/plugins/fr.ac6.mcu.externaltools.arm-none.win32_1.15.0.201708311556/tools/compiler/bin/../lib/gcc/arm-none-eabi/6.3.1/../../../../arm-none-eabi/lib/thumb/v7e-m/fpv4-sp/hard\libc_nano.a(lib_a-memset.o)
                              c:/ac6/systemworkbench/plugins/fr.ac6.mcu.externaltools.arm-none.win32_1.15.0.201708311556/tools/compiler/bin/../lib/gcc/arm-none-eabi/6.3.1/../../../../arm-none-eabi/lib/thumb/v7e-m/fpv4-sp/hard/crt0.o (memset)
c:/ac6/systemworkbench/plugins/fr.ac6.mcu.externaltools.arm-none.win32_1.15.0.201708311556/tools/compiler/bin/../lib/gcc/arm-none-eabi/6.3.1/../../../../arm-none-eabi/lib/thumb/v7e-m/fpv4-sp/hard\libc_nano.a(lib_a-nano-freer.o)
                              c:/ac6/systemworkbench/plugins/fr.ac6.mcu.externaltools.arm-none.win32_1.15.0.201708311556/tools/compiler/bin/../lib/gcc/arm-none-eabi/6.3.1/../../../../arm-none-eabi/lib/thumb/v7e-m/fpv4-sp/hard\libc_nano.a(lib_a-malloc.o) (_free_r)
c:/ac6/systemworkbench/plugins/fr.ac6.mcu.externaltools.arm-none.win32_1.15.0.201708311556/tools/compiler/bin/../lib/gcc/arm-none-eabi/6.3.1/../../../../arm-none-eabi/lib/thumb/v7e-m/fpv4-sp/hard\libc_nano.a(lib_a-nano-mallocr.o)
                              c:/ac6/systemworkbench/plugins/fr.ac6.mcu.externaltools.arm-none.win32_1.15.0.201708311556/tools/compiler/bin/../lib/gcc/arm-none-eabi/6.3.1/../../../../arm-none-eabi/lib/thumb/v7e-m/fpv4-sp/hard\libc_nano.a(lib_a-malloc.o) (_malloc_r)
c:/ac6/systemworkbench/plugins/fr.ac6.mcu.externaltools.arm-none.win32_1.15.0.201708311556/tools/compiler/bin/../lib/gcc/arm-none-eabi/6.3.1/../../../../arm-none-eabi/lib/thumb/v7e-m/fpv4-sp/hard\libc_nano.a(lib_a-sbrkr.o)
                              c:/ac6/systemworkbench/plugins/fr.ac6.mcu.externaltools.arm-none.win32_1.15.0.201708311556/tools/compiler/bin/../lib/gcc/arm-none-eabi/6.3.1/../../../../arm-none-eabi/lib/thumb/v7e-m/fpv4-sp/hard\libc_nano.a(lib_a-nano-mallocr.o) (_sbrk_r)
[...]
Memory Configuration

Name             Origin             Length             Attributes
RAM              0x20000000         0x00020000         xrw
FLASH            0x08000000         0x00080000         xr
*default*        0x00000000         0xffffffff

Linker script and memory map

LOAD c:/ac6/systemworkbench/plugins/fr.ac6.mcu.externaltools.arm-none.win32_1.15.0.201708311556/tools/compiler/bin/../lib/gcc/arm-none-eabi/6.3.1/thumb/v7e-m/fpv4-sp/hard/crti.o
LOAD c:/ac6/systemworkbench/plugins/fr.ac6.mcu.externaltools.arm-none.win32_1.15.0.201708311556/tools/compiler/bin/../lib/gcc/arm-none-eabi/6.3.1/thumb/v7e-m/fpv4-sp/hard/crtbegin.o
LOAD c:/ac6/systemworkbench/plugins/fr.ac6.mcu.externaltools.arm-none.win32_1.15.0.201708311556/tools/compiler/bin/../lib/gcc/arm-none-eabi/6.3.1/../../../../arm-none-eabi/lib/thumb/v7e-m/fpv4-sp/hard/crt0.o
LOAD Drivers/STM32F4xx_HAL_Driver/Src/stm32f4xx_hal.o
LOAD Drivers/STM32F4xx_HAL_Driver/Src/stm32f4xx_hal_adc.o
LOAD Drivers/STM32F4xx_HAL_Driver/Src/stm32f4xx_hal_adc_ex.o
LOAD Drivers/STM32F4xx_HAL_Driver/Src/stm32f4xx_hal_cortex.o
LOAD Drivers/STM32F4xx_HAL_Driver/Src/stm32f4xx_hal_dma.o
LOAD Drivers/STM32F4xx_HAL_Driver/Src/stm32f4xx_hal_dma_ex.o
LOAD Drivers/STM32F4xx_HAL_Driver/Src/stm32f4xx_hal_flash.o
LOAD Drivers/STM32F4xx_HAL_Driver/Src/stm32f4xx_hal_flash_ex.o
LOAD Drivers/STM32F4xx_HAL_Driver/Src/stm32f4xx_hal_flash_ramfunc.o
LOAD Drivers/STM32F4xx_HAL_Driver/Src/stm32f4xx_hal_gpio.o
LOAD Drivers/STM32F4xx_HAL_Driver/Src/stm32f4xx_hal_pcd.o
LOAD Drivers/STM32F4xx_HAL_Driver/Src/stm32f4xx_hal_pcd_ex.o
LOAD Drivers/STM32F4xx_HAL_Driver/Src/stm32f4xx_hal_pwr.o
LOAD Drivers/STM32F4xx_HAL_Driver/Src/stm32f4xx_hal_pwr_ex.o
LOAD Drivers/STM32F4xx_HAL_Driver/Src/stm32f4xx_hal_rcc.o
LOAD Drivers/STM32F4xx_HAL_Driver/Src/stm32f4xx_hal_rcc_ex.o
LOAD Drivers/STM32F4xx_HAL_Driver/Src/stm32f4xx_hal_spi.o
LOAD Drivers/STM32F4xx_HAL_Driver/Src/stm32f4xx_hal_tim.o
LOAD Drivers/STM32F4xx_HAL_Driver/Src/stm32f4xx_hal_tim_ex.o
LOAD Drivers/STM32F4xx_HAL_Driver/Src/stm32f4xx_ll_usb.o
LOAD Middlewares/ST/STM32_USB_Device_Library/Class/CDC/Src/usbd_cdc.o
LOAD Middlewares/ST/STM32_USB_Device_Library/Core/Src/usbd_core.o
LOAD Middlewares/ST/STM32_USB_Device_Library/Core/Src/usbd_ctlreq.o
LOAD Middlewares/ST/STM32_USB_Device_Library/Core/Src/usbd_ioreq.o
LOAD Src/DRV8323.o
LOAD Src/main.o
LOAD Src/stm32f4xx_hal_msp.o
LOAD Src/stm32f4xx_it.o
LOAD Src/system_stm32f4xx.o
LOAD Src/usb.o
LOAD Src/usb_device.o
LOAD Src/usbd_cdc_if.o
LOAD Src/usbd_conf.o
LOAD Src/usbd_desc.o
LOAD startup/startup_stm32f446xx.o
LOAD c:/ac6/systemworkbench/plugins/fr.ac6.mcu.externaltools.arm-none.win32_1.15.0.201708311556/tools/compiler/bin/../lib/gcc/arm-none-eabi/6.3.1/../../../../arm-none-eabi/lib/thumb/v7e-m/fpv4-sp/hard\libm.a
START GROUP
LOAD c:/ac6/systemworkbench/plugins/fr.ac6.mcu.externaltools.arm-none.win32_1.15.0.201708311556/tools/compiler/bin/../lib/gcc/arm-none-eabi/6.3.1/thumb/v7e-m/fpv4-sp/hard\libgcc.a
LOAD c:/ac6/systemworkbench/plugins/fr.ac6.mcu.externaltools.arm-none.win32_1.15.0.201708311556/tools/compiler/bin/../lib/gcc/arm-none-eabi/6.3.1/../../../../arm-none-eabi/lib/thumb/v7e-m/fpv4-sp/hard\libc_nano.a
END GROUP
START GROUP
LOAD c:/ac6/systemworkbench/plugins/fr.ac6.mcu.externaltools.arm-none.win32_1.15.0.201708311556/tools/compiler/bin/../lib/gcc/arm-none-eabi/6.3.1/thumb/v7e-m/fpv4-sp/hard\libgcc.a
LOAD c:/ac6/systemworkbench/plugins/fr.ac6.mcu.externaltools.arm-none.win32_1.15.0.201708311556/tools/compiler/bin/../lib/gcc/arm-none-eabi/6.3.1/../../../../arm-none-eabi/lib/thumb/v7e-m/fpv4-sp/hard\libc_nano.a
LOAD c:/ac6/systemworkbench/plugins/fr.ac6.mcu.externaltools.arm-none.win32_1.15.0.201708311556/tools/compiler/bin/../lib/gcc/arm-none-eabi/6.3.1/../../../../arm-none-eabi/lib/thumb/v7e-m/fpv4-sp/hard\libnosys.a
END GROUP
START GROUP
LOAD c:/ac6/systemworkbench/plugins/fr.ac6.mcu.externaltools.arm-none.win32_1.15.0.201708311556/tools/compiler/bin/../lib/gcc/arm-none-eabi/6.3.1/thumb/v7e-m/fpv4-sp/hard\libgcc.a
LOAD c:/ac6/systemworkbench/plugins/fr.ac6.mcu.externaltools.arm-none.win32_1.15.0.201708311556/tools/compiler/bin/../lib/gcc/arm-none-eabi/6.3.1/../../../../arm-none-eabi/lib/thumb/v7e-m/fpv4-sp/hard\libc_nano.a
LOAD c:/ac6/systemworkbench/plugins/fr.ac6.mcu.externaltools.arm-none.win32_1.15.0.201708311556/tools/compiler/bin/../lib/gcc/arm-none-eabi/6.3.1/../../../../arm-none-eabi/lib/thumb/v7e-m/fpv4-sp/hard\libnosys.a
END GROUP
LOAD c:/ac6/systemworkbench/plugins/fr.ac6.mcu.externaltools.arm-none.win32_1.15.0.201708311556/tools/compiler/bin/../lib/gcc/arm-none-eabi/6.3.1/thumb/v7e-m/fpv4-sp/hard/crtend.o
LOAD c:/ac6/systemworkbench/plugins/fr.ac6.mcu.externaltools.arm-none.win32_1.15.0.201708311556/tools/compiler/bin/../lib/gcc/arm-none-eabi/6.3.1/thumb/v7e-m/fpv4-sp/hard/crtn.o
                0x20020000                _estack = 0x20020000
                0x00000200                _Min_Heap_Size = 0x200
                0x00000400                _Min_Stack_Size = 0x400

.isr_vector     0x08000000      0x1c4
                0x08000000                . = ALIGN (0x4)
 *(.isr_vector)
 .isr_vector    0x08000000      0x1c4 startup/startup_stm32f446xx.o
                0x08000000                g_pfnVectors
                0x080001c4                . = ALIGN (0x4)

.text           0x080001d0     0x59c4
                0x080001d0                . = ALIGN (0x4)
 *(.text)
 .text          0x080001d0       0x6c c:/ac6/systemworkbench/plugins/fr.ac6.mcu.externaltools.arm-none.win32_1.15.0.201708311556/tools/compiler/bin/../lib/gcc/arm-none-eabi/6.3.1/thumb/v7e-m/fpv4-sp/hard/crtbegin.o
 .text          0x0800023c       0x30 c:/ac6/systemworkbench/plugins/fr.ac6.mcu.externaltools.arm-none.win32_1.15.0.201708311556/tools/compiler/bin/../lib/gcc/arm-none-eabi/6.3.1/thumb/v7e-m/fpv4-sp/hard\libgcc.a(_aeabi_uldivmod.o)
                0x0800023c                __aeabi_uldivmod
 .text          0x0800026c      0x2dc c:/ac6/systemworkbench/plugins/fr.ac6.mcu.externaltools.arm-none.win32_1.15.0.201708311556/tools/compiler/bin/../lib/gcc/arm-none-eabi/6.3.1/thumb/v7e-m/fpv4-sp/hard\libgcc.a(_udivmoddi4.o)
                0x0800026c                __udivmoddi4
 .text          0x08000548        0x4 c:/ac6/systemworkbench/plugins/fr.ac6.mcu.externaltools.arm-none.win32_1.15.0.201708311556/tools/compiler/bin/../lib/gcc/arm-none-eabi/6.3.1/thumb/v7e-m/fpv4-sp/hard\libgcc.a(_dvmd_tls.o)
                0x08000548                __aeabi_idiv0
                0x08000548                __aeabi_ldiv0
 *fill*         0x0800054c        0x4 
 .text          0x08000550       0xa0 c:/ac6/systemworkbench/plugins/fr.ac6.mcu.externaltools.arm-none.win32_1.15.0.201708311556/tools/compiler/bin/../lib/gcc/arm-none-eabi/6.3.1/../../../../arm-none-eabi/lib/thumb/v7e-m/fpv4-sp/hard\libc_nano.a(lib_a-memchr.o)
                0x08000550                memchr
 *(.text*)
 .text.HAL_InitTick
                0x080005f0       0x48 Drivers/STM32F4xx_HAL_Driver/Src/stm32f4xx_hal.o
                0x080005f0                HAL_InitTick
 .text.HAL_Init
                0x08000638       0x34 Drivers/STM32F4xx_HAL_Driver/Src/stm32f4xx_hal.o
                0x08000638                HAL_Init
 .text.HAL_IncTick
                0x0800066c       0x18 Drivers/STM32F4xx_HAL_Driver/Src/stm32f4xx_hal.o
                0x0800066c                HAL_IncTick
 .text.HAL_GetTick
                0x08000684        0xc Drivers/STM32F4xx_HAL_Driver/Src/stm32f4xx_hal.o
                0x08000684                HAL_GetTick
 .text.HAL_Delay
                0x08000690       0x28 Drivers/STM32F4xx_HAL_Driver/Src/stm32f4xx_hal.o
                0x08000690                HAL_Delay
 .text.ADC_Init
                0x080006b8      0x130 Drivers/STM32F4xx_HAL_Driver/Src/stm32f4xx_hal_adc.o
 .text.HAL_ADC_Init
                0x080007e8       0x54 Drivers/STM32F4xx_HAL_Driver/Src/stm32f4xx_hal_adc.o
                0x080007e8                HAL_ADC_Init
 .text.HAL_ADC_ConfigChannel
                0x0800083c      0x194 Drivers/STM32F4xx_HAL_Driver/Src/stm32f4xx_hal_adc.o
                0x0800083c                HAL_ADC_ConfigChannel
 .text.HAL_NVIC_SetPriorityGrouping
                0x080009d0       0x24 Drivers/STM32F4xx_HAL_Driver/Src/stm32f4xx_hal_cortex.o
                0x080009d0                HAL_NVIC_SetPriorityGrouping
 .text.HAL_NVIC_SetPriority
                0x080009f4       0x64 Drivers/STM32F4xx_HAL_Driver/Src/stm32f4xx_hal_cortex.o
                0x080009f4                HAL_NVIC_SetPriority
 .text.HAL_NVIC_EnableIRQ
                0x08000a58       0x18 Drivers/STM32F4xx_HAL_Driver/Src/stm32f4xx_hal_cortex.o
                0x08000a58                HAL_NVIC_EnableIRQ
 .text.HAL_SYSTICK_Config
                0x08000a70       0x2c Drivers/STM32F4xx_HAL_Driver/Src/stm32f4xx_hal_cortex.o
                0x08000a70                HAL_SYSTICK_Config
 .text.HAL_SYSTICK_CLKSourceConfig
                0x08000a9c       0x20 Drivers/STM32F4xx_HAL_Driver/Src/stm32f4xx_hal_cortex.o
                0x08000a9c                HAL_SYSTICK_CLKSourceConfig
 .text.HAL_SYSTICK_Callback
                0x08000abc        0x2 Drivers/STM32F4xx_HAL_Driver/Src/stm32f4xx_hal_cortex.o
                0x08000abc                HAL_SYSTICK_Callback
 .text.HAL_SYSTICK_IRQHandler
                0x08000abe        0x8 Drivers/STM32F4xx_HAL_Driver/Src/stm32f4xx_hal_cortex.o
                0x08000abe                HAL_SYSTICK_IRQHandler
 *fill*         0x08000ac6        0x2 
 .text.HAL_GPIO_Init
                0x08000ac8      0x1c4 Drivers/STM32F4xx_HAL_Driver/Src/stm32f4xx_hal_gpio.o
                0x08000ac8                HAL_GPIO_Init
 .text.HAL_GPIO_ReadPin
                0x08000c8c        0xe Drivers/STM32F4xx_HAL_Driver/Src/stm32f4xx_hal_gpio.o
                0x08000c8c                HAL_GPIO_ReadPin
 .text.HAL_GPIO_WritePin
                0x08000c9a        0xc Drivers/STM32F4xx_HAL_Driver/Src/stm32f4xx_hal_gpio.o
                0x08000c9a                HAL_GPIO_WritePin
 .text.HAL_GPIO_TogglePin
                0x08000ca6        0x8 Drivers/STM32F4xx_HAL_Driver/Src/stm32f4xx_hal_gpio.o
                0x08000ca6                HAL_GPIO_TogglePin
 .text.PCD_WriteEmptyTxFifo
                0x08000cae       0xac Drivers/STM32F4xx_HAL_Driver/Src/stm32f4xx_hal_pcd.o
 .text.HAL_PCD_Init
                0x08000d5a       0xee Drivers/STM32F4xx_HAL_Driver/Src/stm32f4xx_hal_pcd.o
                0x08000d5a                HAL_PCD_Init
 .text.HAL_PCD_Start
                0x08000e48       0x2a Drivers/STM32F4xx_HAL_Driver/Src/stm32f4xx_hal_pcd.o
                0x08000e48                HAL_PCD_Start
 *fill*         0x08000e72        0x2 
 .text.HAL_PCD_IRQHandler
                0x08000e74      0x62c Drivers/STM32F4xx_HAL_Driver/Src/stm32f4xx_hal_pcd.o
                0x08000e74                HAL_PCD_IRQHandler
 .text.HAL_PCD_SetAddress
                0x080014a0       0x24 Drivers/STM32F4xx_HAL_Driver/Src/stm32f4xx_hal_pcd.o
                0x080014a0                HAL_PCD_SetAddress
 .text.HAL_PCD_EP_Open
                0x080014c4       0x68 Drivers/STM32F4xx_HAL_Driver/Src/stm32f4xx_hal_pcd.o
                0x080014c4                HAL_PCD_EP_Open
 .text.HAL_PCD_EP_Close
                0x0800152c       0x56 Drivers/STM32F4xx_HAL_Driver/Src/stm32f4xx_hal_pcd.o
                0x0800152c                HAL_PCD_EP_Close
 .text.HAL_PCD_EP_Receive
                0x08001582       0x5a Drivers/STM32F4xx_HAL_Driver/Src/stm32f4xx_hal_pcd.o
                0x08001582                HAL_PCD_EP_Receive
 .text.HAL_PCD_EP_GetRxCount
                0x080015dc       0x12 Drivers/STM32F4xx_HAL_Driver/Src/stm32f4xx_hal_pcd.o
                0x080015dc                HAL_PCD_EP_GetRxCount
 .text.HAL_PCD_EP_Transmit
                0x080015ee       0x52 Drivers/STM32F4xx_HAL_Driver/Src/stm32f4xx_hal_pcd.o
                0x080015ee                HAL_PCD_EP_Transmit
 .text.HAL_PCD_EP_SetStall
                0x08001640       0x66 Drivers/STM32F4xx_HAL_Driver/Src/stm32f4xx_hal_pcd.o
                0x08001640                HAL_PCD_EP_SetStall
 .text.HAL_PCD_EP_ClrStall
                0x080016a6       0x56 Drivers/STM32F4xx_HAL_Driver/Src/stm32f4xx_hal_pcd.o
                0x080016a6                HAL_PCD_EP_ClrStall
 .text.HAL_PCDEx_SetTxFiFo
                0x080016fc       0x48 Drivers/STM32F4xx_HAL_Driver/Src/stm32f4xx_hal_pcd_ex.o
                0x080016fc                HAL_PCDEx_SetTxFiFo
 .text.HAL_PCDEx_SetRxFiFo
                0x08001744        0x8 Drivers/STM32F4xx_HAL_Driver/Src/stm32f4xx_hal_pcd_ex.o
                0x08001744                HAL_PCDEx_SetRxFiFo
 .text.HAL_PCDEx_ActivateLPM
                0x0800174c       0x26 Drivers/STM32F4xx_HAL_Driver/Src/stm32f4xx_hal_pcd_ex.o
                0x0800174c                HAL_PCDEx_ActivateLPM
 *fill*         0x08001772        0x2 
 .text.HAL_RCC_ClockConfig
                0x08001774      0x158 Drivers/STM32F4xx_HAL_Driver/Src/stm32f4xx_hal_rcc.o
                0x08001774                HAL_RCC_ClockConfig
 .text.HAL_RCC_GetHCLKFreq
                0x080018cc        0xc Drivers/STM32F4xx_HAL_Driver/Src/stm32f4xx_hal_rcc.o
                0x080018cc                HAL_RCC_GetHCLKFreq
 .text.HAL_RCCEx_PeriphCLKConfig
                0x080018d8      0x480 Drivers/STM32F4xx_HAL_Driver/Src/stm32f4xx_hal_rcc_ex.o
                0x080018d8                HAL_RCCEx_PeriphCLKConfig
 .text.HAL_RCC_GetSysClockFreq
                0x08001d58      0x120 Drivers/STM32F4xx_HAL_Driver/Src/stm32f4xx_hal_rcc_ex.o
                0x08001d58                HAL_RCC_GetSysClockFreq
 .text.HAL_RCC_OscConfig
                0x08001e78      0x3c4 Drivers/STM32F4xx_HAL_Driver/Src/stm32f4xx_hal_rcc_ex.o
                0x08001e78                HAL_RCC_OscConfig
 .text.SPI_WaitFlagStateUntilTimeout
                0x0800223c       0x96 Drivers/STM32F4xx_HAL_Driver/Src/stm32f4xx_hal_spi.o
 .text.SPI_CheckFlag_BSY
                0x080022d2       0x26 Drivers/STM32F4xx_HAL_Driver/Src/stm32f4xx_hal_spi.o
 .text.HAL_SPI_Init
                0x080022f8       0x80 Drivers/STM32F4xx_HAL_Driver/Src/stm32f4xx_hal_spi.o
                0x080022f8                HAL_SPI_Init
 .text.HAL_SPI_Transmit
                0x08002378      0x1ac Drivers/STM32F4xx_HAL_Driver/Src/stm32f4xx_hal_spi.o
                0x08002378                HAL_SPI_Transmit
 .text.HAL_SPI_TransmitReceive
                0x08002524      0x242 Drivers/STM32F4xx_HAL_Driver/Src/stm32f4xx_hal_spi.o
                0x08002524                HAL_SPI_TransmitReceive
 *fill*         0x08002766        0x2 
 .text.TIM_OC1_SetConfig
                0x08002768       0x64 Drivers/STM32F4xx_HAL_Driver/Src/stm32f4xx_hal_tim.o
 .text.TIM_OC3_SetConfig
                0x080027cc       0x6c Drivers/STM32F4xx_HAL_Driver/Src/stm32f4xx_hal_tim.o
 .text.TIM_OC4_SetConfig
                0x08002838       0x5c Drivers/STM32F4xx_HAL_Driver/Src/stm32f4xx_hal_tim.o
 .text.TIM_TI1_ConfigInputStage
                0x08002894       0x26 Drivers/STM32F4xx_HAL_Driver/Src/stm32f4xx_hal_tim.o
 .text.TIM_TI2_ConfigInputStage
                0x080028ba       0x28 Drivers/STM32F4xx_HAL_Driver/Src/stm32f4xx_hal_tim.o
 .text.TIM_ITRx_SetConfig
                0x080028e2       0x10 Drivers/STM32F4xx_HAL_Driver/Src/stm32f4xx_hal_tim.o
 .text.TIM_ETR_SetConfig
                0x080028f2       0x18 Drivers/STM32F4xx_HAL_Driver/Src/stm32f4xx_hal_tim.o
 .text.HAL_TIM_PWM_MspInit
                0x0800290a        0x2 Drivers/STM32F4xx_HAL_Driver/Src/stm32f4xx_hal_tim.o
                0x0800290a                HAL_TIM_PWM_MspInit
 .text.HAL_TIM_ConfigClockSource
                0x0800290c      0x108 Drivers/STM32F4xx_HAL_Driver/Src/stm32f4xx_hal_tim.o
                0x0800290c                HAL_TIM_ConfigClockSource
 .text.TIM_Base_SetConfig
                0x08002a14      0x11c Drivers/STM32F4xx_HAL_Driver/Src/stm32f4xx_hal_tim.o
                0x08002a14                TIM_Base_SetConfig
 .text.HAL_TIM_Base_Init
                0x08002b30       0x32 Drivers/STM32F4xx_HAL_Driver/Src/stm32f4xx_hal_tim.o
                0x08002b30                HAL_TIM_Base_Init
 .text.HAL_TIM_PWM_Init
                0x08002b62       0x32 Drivers/STM32F4xx_HAL_Driver/Src/stm32f4xx_hal_tim.o
                0x08002b62                HAL_TIM_PWM_Init
 .text.TIM_OC2_SetConfig
                0x08002b94       0x70 Drivers/STM32F4xx_HAL_Driver/Src/stm32f4xx_hal_tim.o
                0x08002b94                TIM_OC2_SetConfig
 .text.HAL_TIM_PWM_ConfigChannel
                0x08002c04       0xdc Drivers/STM32F4xx_HAL_Driver/Src/stm32f4xx_hal_tim.o
                0x08002c04                HAL_TIM_PWM_ConfigChannel
 .text.TIM_CCxChannelCmd
                0x08002ce0       0x1e Drivers/STM32F4xx_HAL_Driver/Src/stm32f4xx_hal_tim.o
                0x08002ce0                TIM_CCxChannelCmd
 *fill*         0x08002cfe        0x2 
 .text.HAL_TIM_PWM_Start
                0x08002d00       0x44 Drivers/STM32F4xx_HAL_Driver/Src/stm32f4xx_hal_tim.o
                0x08002d00                HAL_TIM_PWM_Start
 .text.TIM_CCxNChannelCmd
                0x08002d44       0x1e Drivers/STM32F4xx_HAL_Driver/Src/stm32f4xx_hal_tim_ex.o
 .text.HAL_TIMEx_PWMN_Start
                0x08002d62       0x24 Drivers/STM32F4xx_HAL_Driver/Src/stm32f4xx_hal_tim_ex.o
                0x08002d62                HAL_TIMEx_PWMN_Start
 .text.HAL_TIMEx_MasterConfigSynchronization
                0x08002d86       0x52 Drivers/STM32F4xx_HAL_Driver/Src/stm32f4xx_hal_tim_ex.o
                0x08002d86                HAL_TIMEx_MasterConfigSynchronization
 .text.HAL_TIMEx_ConfigBreakDeadTime
                0x08002dd8       0x58 Drivers/STM32F4xx_HAL_Driver/Src/stm32f4xx_hal_tim_ex.o
                0x08002dd8                HAL_TIMEx_ConfigBreakDeadTime
 .text.USB_CoreInit
                0x08002e30       0x7c Drivers/STM32F4xx_HAL_Driver/Src/stm32f4xx_ll_usb.o
                0x08002e30                USB_CoreInit
 .text.USB_EnableGlobalInt
                0x08002eac        0xc Drivers/STM32F4xx_HAL_Driver/Src/stm32f4xx_ll_usb.o
                0x08002eac                USB_EnableGlobalInt
 .text.USB_DisableGlobalInt
                0x08002eb8        0xc Drivers/STM32F4xx_HAL_Driver/Src/stm32f4xx_ll_usb.o
                0x08002eb8                USB_DisableGlobalInt
 .text.USB_SetCurrentMode
                0x08002ec4       0x2c Drivers/STM32F4xx_HAL_Driver/Src/stm32f4xx_ll_usb.o
                0x08002ec4                USB_SetCurrentMode
 .text.USB_DevInit
                0x08002ef0      0x15c Drivers/STM32F4xx_HAL_Driver/Src/stm32f4xx_ll_usb.o
                0x08002ef0                USB_DevInit
 .text.USB_FlushTxFifo
                0x0800304c       0x28 Drivers/STM32F4xx_HAL_Driver/Src/stm32f4xx_ll_usb.o
                0x0800304c                USB_FlushTxFifo
 .text.USB_FlushRxFifo
                0x08003074       0x24 Drivers/STM32F4xx_HAL_Driver/Src/stm32f4xx_ll_usb.o
                0x08003074                USB_FlushRxFifo
 .text.USB_SetDevSpeed
                0x08003098        0xe Drivers/STM32F4xx_HAL_Driver/Src/stm32f4xx_ll_usb.o
                0x08003098                USB_SetDevSpeed
 .text.USB_GetDevSpeed
                0x080030a6       0x40 Drivers/STM32F4xx_HAL_Driver/Src/stm32f4xx_ll_usb.o
                0x080030a6                USB_GetDevSpeed
 .text.USB_ActivateEndpoint
                0x080030e6       0x92 Drivers/STM32F4xx_HAL_Driver/Src/stm32f4xx_ll_usb.o
                0x080030e6                USB_ActivateEndpoint
 .text.USB_DeactivateEndpoint
                0x08003178       0xf0 Drivers/STM32F4xx_HAL_Driver/Src/stm32f4xx_ll_usb.o
                0x08003178                USB_DeactivateEndpoint
 .text.USB_EPStartXfer
                0x08003268      0x264 Drivers/STM32F4xx_HAL_Driver/Src/stm32f4xx_ll_usb.o
                0x08003268                USB_EPStartXfer
 .text.USB_EP0StartXfer
                0x080034cc      0x160 Drivers/STM32F4xx_HAL_Driver/Src/stm32f4xx_ll_usb.o
                0x080034cc                USB_EP0StartXfer
 .text.USB_WritePacket
                0x0800362c       0x28 Drivers/STM32F4xx_HAL_Driver/Src/stm32f4xx_ll_usb.o
                0x0800362c                USB_WritePacket
 .text.USB_ReadPacket
                0x08003654       0x28 Drivers/STM32F4xx_HAL_Driver/Src/stm32f4xx_ll_usb.o
                0x08003654                USB_ReadPacket
 .text.USB_EPSetStall
                0x0800367c       0x64 Drivers/STM32F4xx_HAL_Driver/Src/stm32f4xx_ll_usb.o
                0x0800367c                USB_EPSetStall
 .text.USB_EPClearStall
                0x080036e0       0x6a Drivers/STM32F4xx_HAL_Driver/Src/stm32f4xx_ll_usb.o
                0x080036e0                USB_EPClearStall
 .text.USB_SetDevAddress
                0x0800374a       0x20 Drivers/STM32F4xx_HAL_Driver/Src/stm32f4xx_ll_usb.o
                0x0800374a                USB_SetDevAddress
 .text.USB_DevConnect
                0x0800376a       0x18 Drivers/STM32F4xx_HAL_Driver/Src/stm32f4xx_ll_usb.o
                0x0800376a                USB_DevConnect
 .text.USB_DevDisconnect
                0x08003782       0x18 Drivers/STM32F4xx_HAL_Driver/Src/stm32f4xx_ll_usb.o
                0x08003782                USB_DevDisconnect
 .text.USB_ReadInterrupts
                0x0800379a        0x8 Drivers/STM32F4xx_HAL_Driver/Src/stm32f4xx_ll_usb.o
                0x0800379a                USB_ReadInterrupts
 .text.USB_ReadDevAllOutEpInterrupt
                0x080037a2       0x10 Drivers/STM32F4xx_HAL_Driver/Src/stm32f4xx_ll_usb.o
                0x080037a2                USB_ReadDevAllOutEpInterrupt
 .text.USB_ReadDevAllInEpInterrupt
                0x080037b2       0x10 Drivers/STM32F4xx_HAL_Driver/Src/stm32f4xx_ll_usb.o
                0x080037b2                USB_ReadDevAllInEpInterrupt
 .text.USB_ReadDevOutEPInterrupt
                0x080037c2       0x12 Drivers/STM32F4xx_HAL_Driver/Src/stm32f4xx_ll_usb.o
                0x080037c2                USB_ReadDevOutEPInterrupt
 .text.USB_ReadDevInEPInterrupt
                0x080037d4       0x1c Drivers/STM32F4xx_HAL_Driver/Src/stm32f4xx_ll_usb.o
                0x080037d4                USB_ReadDevInEPInterrupt
 .text.USB_GetMode
                0x080037f0        0x8 Drivers/STM32F4xx_HAL_Driver/Src/stm32f4xx_ll_usb.o
                0x080037f0                USB_GetMode
 .text.USB_ActivateSetup
                0x080037f8       0x38 Drivers/STM32F4xx_HAL_Driver/Src/stm32f4xx_ll_usb.o
                0x080037f8                USB_ActivateSetup
 .text.USB_EP0_OutStart
                0x08003830       0x46 Drivers/STM32F4xx_HAL_Driver/Src/stm32f4xx_ll_usb.o
                0x08003830                USB_EP0_OutStart
 *fill*         0x08003876        0x2 
 .text.USB_CoreReset
                0x08003878       0x3c Drivers/STM32F4xx_HAL_Driver/Src/stm32f4xx_ll_usb.o
 .text.USBD_CDC_DataIn
                0x080038b4       0x12 Middlewares/ST/STM32_USB_Device_Library/Class/CDC/Src/usbd_cdc.o
 .text.USBD_CDC_EP0_RxReady
                0x080038c6       0x28 Middlewares/ST/STM32_USB_Device_Library/Class/CDC/Src/usbd_cdc.o
 *fill*         0x080038ee        0x2 
 .text.USBD_CDC_GetFSCfgDesc
                0x080038f0        0xc Middlewares/ST/STM32_USB_Device_Library/Class/CDC/Src/usbd_cdc.o
 .text.USBD_CDC_GetHSCfgDesc
                0x080038fc        0xc Middlewares/ST/STM32_USB_Device_Library/Class/CDC/Src/usbd_cdc.o
 .text.USBD_CDC_GetOtherSpeedCfgDesc
                0x08003908        0xc Middlewares/ST/STM32_USB_Device_Library/Class/CDC/Src/usbd_cdc.o
 .text.USBD_CDC_GetDeviceQualifierDescriptor
                0x08003914        0xc Middlewares/ST/STM32_USB_Device_Library/Class/CDC/Src/usbd_cdc.o
                0x08003914                USBD_CDC_GetDeviceQualifierDescriptor
 .text.USBD_CDC_DataOut
                0x08003920       0x2e Middlewares/ST/STM32_USB_Device_Library/Class/CDC/Src/usbd_cdc.o
 *fill*         0x0800394e        0x2 
 .text.USBD_CDC_Setup
                0x08003950       0x74 Middlewares/ST/STM32_USB_Device_Library/Class/CDC/Src/usbd_cdc.o
 .text.USBD_CDC_DeInit
                0x080039c4       0x3a Middlewares/ST/STM32_USB_Device_Library/Class/CDC/Src/usbd_cdc.o
 .text.USBD_CDC_Init
                0x080039fe       0x96 Middlewares/ST/STM32_USB_Device_Library/Class/CDC/Src/usbd_cdc.o
 .text.USBD_CDC_RegisterInterface
                0x08003a94        0xe Middlewares/ST/STM32_USB_Device_Library/Class/CDC/Src/usbd_cdc.o
                0x08003a94                USBD_CDC_RegisterInterface
 .text.USBD_CDC_SetTxBuffer
                0x08003aa2       0x10 Middlewares/ST/STM32_USB_Device_Library/Class/CDC/Src/usbd_cdc.o
                0x08003aa2                USBD_CDC_SetTxBuffer
 .text.USBD_CDC_SetRxBuffer
                0x08003ab2        0xc Middlewares/ST/STM32_USB_Device_Library/Class/CDC/Src/usbd_cdc.o
                0x08003ab2                USBD_CDC_SetRxBuffer
 .text.USBD_CDC_TransmitPacket
                0x08003abe       0x2e Middlewares/ST/STM32_USB_Device_Library/Class/CDC/Src/usbd_cdc.o
                0x08003abe                USBD_CDC_TransmitPacket
 .text.USBD_CDC_ReceivePacket
                0x08003aec       0x32 Middlewares/ST/STM32_USB_Device_Library/Class/CDC/Src/usbd_cdc.o
                0x08003aec                USBD_CDC_ReceivePacket
 .text.USBD_Init
                0x08003b1e       0x2e Middlewares/ST/STM32_USB_Device_Library/Core/Src/usbd_core.o
                0x08003b1e                USBD_Init
 .text.USBD_RegisterClass
                0x08003b4c        0xe Middlewares/ST/STM32_USB_Device_Library/Core/Src/usbd_core.o
                0x08003b4c                USBD_RegisterClass
 .text.USBD_Start
                0x08003b5a        0xa Middlewares/ST/STM32_USB_Device_Library/Core/Src/usbd_core.o
                0x08003b5a                USBD_Start
 .text.USBD_SetClassConfig
                0x08003b64       0x1a Middlewares/ST/STM32_USB_Device_Library/Core/Src/usbd_core.o
                0x08003b64                USBD_SetClassConfig
 .text.USBD_ClrClassConfig
                0x08003b7e        0xe Middlewares/ST/STM32_USB_Device_Library/Core/Src/usbd_core.o
                0x08003b7e                USBD_ClrClassConfig
 .text.USBD_LL_SetupStage
                0x08003b8c       0x5a Middlewares/ST/STM32_USB_Device_Library/Core/Src/usbd_core.o
                0x08003b8c                USBD_LL_SetupStage
 .text.USBD_LL_DataOutStage
                0x08003be6       0x6a Middlewares/ST/STM32_USB_Device_Library/Core/Src/usbd_core.o
                0x08003be6                USBD_LL_DataOutStage
 .text.USBD_LL_DataInStage
                0x08003c50       0xb2 Middlewares/ST/STM32_USB_Device_Library/Core/Src/usbd_core.o
                0x08003c50                USBD_LL_DataInStage
 .text.USBD_LL_Reset
                0x08003d02       0x3e Middlewares/ST/STM32_USB_Device_Library/Core/Src/usbd_core.o
                0x08003d02                USBD_LL_Reset
 .text.USBD_LL_SetSpeed
                0x08003d40        0x6 Middlewares/ST/STM32_USB_Device_Library/Core/Src/usbd_core.o
                0x08003d40                USBD_LL_SetSpeed
 .text.USBD_LL_Suspend
                0x08003d46       0x12 Middlewares/ST/STM32_USB_Device_Library/Core/Src/usbd_core.o
                0x08003d46                USBD_LL_Suspend
 .text.USBD_LL_Resume
                0x08003d58        0xc Middlewares/ST/STM32_USB_Device_Library/Core/Src/usbd_core.o
                0x08003d58                USBD_LL_Resume
 .text.USBD_LL_SOF
                0x08003d64       0x1c Middlewares/ST/STM32_USB_Device_Library/Core/Src/usbd_core.o
                0x08003d64                USBD_LL_SOF
 .text.USBD_LL_IsoINIncomplete
                0x08003d80        0x4 Middlewares/ST/STM32_USB_Device_Library/Core/Src/usbd_core.o
                0x08003d80                USBD_LL_IsoINIncomplete
 .text.USBD_LL_IsoOUTIncomplete
                0x08003d84        0x4 Middlewares/ST/STM32_USB_Device_Library/Core/Src/usbd_core.o
                0x08003d84                USBD_LL_IsoOUTIncomplete
 .text.USBD_LL_DevConnected
                0x08003d88        0x4 Middlewares/ST/STM32_USB_Device_Library/Core/Src/usbd_core.o
                0x08003d88                USBD_LL_DevConnected
 .text.USBD_LL_DevDisconnected
                0x08003d8c       0x16 Middlewares/ST/STM32_USB_Device_Library/Core/Src/usbd_core.o
                0x08003d8c                USBD_LL_DevDisconnected
 .text.USBD_GetLen
                0x08003da2       0x14 Middlewares/ST/STM32_USB_Device_Library/Core/Src/usbd_ctlreq.o
 .text.USBD_SetFeature
                0x08003db6       0x20 Middlewares/ST/STM32_USB_Device_Library/Core/Src/usbd_ctlreq.o
 .text.USBD_ParseSetupRequest
                0x08003dd6       0x28 Middlewares/ST/STM32_USB_Device_Library/Core/Src/usbd_ctlreq.o
                0x08003dd6                USBD_ParseSetupRequest
 .text.USBD_CtlError
                0x08003dfe       0x14 Middlewares/ST/STM32_USB_Device_Library/Core/Src/usbd_ctlreq.o
                0x08003dfe                USBD_CtlError
 .text.USBD_GetDescriptor
                0x08003e12      0x14a Middlewares/ST/STM32_USB_Device_Library/Core/Src/usbd_ctlreq.o
 .text.USBD_SetAddress
                0x08003f5c       0x4a Middlewares/ST/STM32_USB_Device_Library/Core/Src/usbd_ctlreq.o
 *fill*         0x08003fa6        0x2 
 .text.USBD_SetConfig
                0x08003fa8       0xa4 Middlewares/ST/STM32_USB_Device_Library/Core/Src/usbd_ctlreq.o
 .text.USBD_GetConfig
                0x0800404c       0x3a Middlewares/ST/STM32_USB_Device_Library/Core/Src/usbd_ctlreq.o
 .text.USBD_GetStatus
                0x08004086       0x2c Middlewares/ST/STM32_USB_Device_Library/Core/Src/usbd_ctlreq.o
 .text.USBD_ClrFeature
                0x080040b2       0x32 Middlewares/ST/STM32_USB_Device_Library/Core/Src/usbd_ctlreq.o
 .text.USBD_StdDevReq
                0x080040e4       0x48 Middlewares/ST/STM32_USB_Device_Library/Core/Src/usbd_ctlreq.o
                0x080040e4                USBD_StdDevReq
 .text.USBD_StdItfReq
                0x0800412c       0x38 Middlewares/ST/STM32_USB_Device_Library/Core/Src/usbd_ctlreq.o
                0x0800412c                USBD_StdItfReq
 .text.USBD_StdEPReq
                0x08004164      0x118 Middlewares/ST/STM32_USB_Device_Library/Core/Src/usbd_ctlreq.o
                0x08004164                USBD_StdEPReq
 .text.USBD_GetString
                0x0800427c       0x3a Middlewares/ST/STM32_USB_Device_Library/Core/Src/usbd_ctlreq.o
                0x0800427c                USBD_GetString
 .text.USBD_CtlSendData
                0x080042b6       0x1a Middlewares/ST/STM32_USB_Device_Library/Core/Src/usbd_ioreq.o
                0x080042b6                USBD_CtlSendData
 .text.USBD_CtlContinueSendData
                0x080042d0       0x10 Middlewares/ST/STM32_USB_Device_Library/Core/Src/usbd_ioreq.o
                0x080042d0                USBD_CtlContinueSendData
 .text.USBD_CtlPrepareRx
                0x080042e0       0x1e Middlewares/ST/STM32_USB_Device_Library/Core/Src/usbd_ioreq.o
                0x080042e0                USBD_CtlPrepareRx
 .text.USBD_CtlContinueRx
                0x080042fe       0x10 Middlewares/ST/STM32_USB_Device_Library/Core/Src/usbd_ioreq.o
                0x080042fe                USBD_CtlContinueRx
 .text.USBD_CtlSendStatus
                0x0800430e       0x16 Middlewares/ST/STM32_USB_Device_Library/Core/Src/usbd_ioreq.o
                0x0800430e                USBD_CtlSendStatus
 .text.USBD_CtlReceiveStatus
                0x08004324       0x16 Middlewares/ST/STM32_USB_Device_Library/Core/Src/usbd_ioreq.o
                0x08004324                USBD_CtlReceiveStatus
 *fill*         0x0800433a        0x2 
 .text.DRV8323_readSpi
                0x0800433c       0x54 Src/DRV8323.o
                0x0800433c                DRV8323_readSpi
 .text.DRV8323_writeSpi
                0x08004390       0x48 Src/DRV8323.o
                0x08004390                DRV8323_writeSpi
 .text.DRV8323_Config
                0x080043d8       0xf8 Src/DRV8323.o
                0x080043d8                DRV8323_Config
 .text.MX_GPIO_Init
                0x080044d0       0x4c Src/main.o
 .text._Error_Handler
                0x0800451c        0x2 Src/main.o
                0x0800451c                _Error_Handler
 *fill*         0x0800451e        0x2 
 .text.MX_SPI1_Init
                0x08004520       0x54 Src/main.o
 .text.MX_ADC1_Init
                0x08004574       0x6c Src/main.o
 .text.MX_TIM1_Init
                0x080045e0      0x1b0 Src/main.o
 .text.SystemClock_Config
                0x08004790       0xec Src/main.o
                0x08004790                SystemClock_Config
 .text.set_PWM_Duty
                0x0800487c       0x60 Src/main.o
                0x0800487c                set_PWM_Duty
 .text.main     0x080048dc      0x164 Src/main.o
                0x080048dc                main
 .text.HAL_MspInit
                0x08004a40       0x5e Src/stm32f4xx_hal_msp.o
                0x08004a40                HAL_MspInit
 *fill*         0x08004a9e        0x2 
 .text.HAL_ADC_MspInit
                0x08004aa0       0xdc Src/stm32f4xx_hal_msp.o
                0x08004aa0                HAL_ADC_MspInit
 .text.HAL_SPI_MspInit
                0x08004b7c       0xf0 Src/stm32f4xx_hal_msp.o
                0x08004b7c                HAL_SPI_MspInit
 .text.HAL_TIM_Base_MspInit
                0x08004c6c       0x30 Src/stm32f4xx_hal_msp.o
                0x08004c6c                HAL_TIM_Base_MspInit
 .text.HAL_TIM_MspPostInit
                0x08004c9c       0x54 Src/stm32f4xx_hal_msp.o
                0x08004c9c                HAL_TIM_MspPostInit
 .text.NMI_Handler
                0x08004cf0        0x2 Src/stm32f4xx_it.o
                0x08004cf0                NMI_Handler
 .text.HardFault_Handler
                0x08004cf2        0x2 Src/stm32f4xx_it.o
                0x08004cf2                HardFault_Handler
 .text.MemManage_Handler
                0x08004cf4        0x2 Src/stm32f4xx_it.o
                0x08004cf4                MemManage_Handler
 .text.BusFault_Handler
                0x08004cf6        0x2 Src/stm32f4xx_it.o
                0x08004cf6                BusFault_Handler
 .text.UsageFault_Handler
                0x08004cf8        0x2 Src/stm32f4xx_it.o
                0x08004cf8                UsageFault_Handler
 .text.SVC_Handler
                0x08004cfa        0x2 Src/stm32f4xx_it.o
                0x08004cfa                SVC_Handler
 .text.DebugMon_Handler
                0x08004cfc        0x2 Src/stm32f4xx_it.o
                0x08004cfc                DebugMon_Handler
 .text.PendSV_Handler
                0x08004cfe        0x2 Src/stm32f4xx_it.o
                0x08004cfe                PendSV_Handler
 .text.SysTick_Handler
                0x08004d00        0xc Src/stm32f4xx_it.o
                0x08004d00                SysTick_Handler
 .text.OTG_FS_IRQHandler
                0x08004d0c       0x10 Src/stm32f4xx_it.o
                0x08004d0c                OTG_FS_IRQHandler
 .text.SystemInit
                0x08004d1c       0x4c Src/system_stm32f4xx.o
                0x08004d1c                SystemInit
 .text.USB_Receive_FS
                0x08004d68       0x48 Src/usb.o
                0x08004d68                USB_Receive_FS
 .text.MX_USB_DEVICE_Init
                0x08004db0       0x38 Src/usb_device.o
                0x08004db0                MX_USB_DEVICE_Init
 .text.CDC_DeInit_FS
                0x08004de8        0x4 Src/usbd_cdc_if.o
 .text.CDC_Control_FS
                0x08004dec        0x4 Src/usbd_cdc_if.o
 .text.CDC_Receive_FS
                0x08004df0       0x20 Src/usbd_cdc_if.o
 .text.CDC_Init_FS
                0x08004e10       0x28 Src/usbd_cdc_if.o
 .text.CDC_Transmit_FS
                0x08004e38       0x2c Src/usbd_cdc_if.o
                0x08004e38                CDC_Transmit_FS
 .text.HAL_PCD_MspInit
                0x08004e64       0x68 Src/usbd_conf.o
                0x08004e64                HAL_PCD_MspInit
 .text.HAL_PCD_SetupStageCallback
                0x08004ecc       0x10 Src/usbd_conf.o
                0x08004ecc                HAL_PCD_SetupStageCallback
 .text.HAL_PCD_DataOutStageCallback
                0x08004edc       0x18 Src/usbd_conf.o
                0x08004edc                HAL_PCD_DataOutStageCallback
 .text.HAL_PCD_DataInStageCallback
                0x08004ef4       0x16 Src/usbd_conf.o
                0x08004ef4                HAL_PCD_DataInStageCallback
 .text.HAL_PCD_SOFCallback
                0x08004f0a        0xc Src/usbd_conf.o
                0x08004f0a                HAL_PCD_SOFCallback
 .text.HAL_PCD_ResetCallback
                0x08004f16       0x20 Src/usbd_conf.o
                0x08004f16                HAL_PCD_ResetCallback
 *fill*         0x08004f36        0x2 
 .text.HAL_PCD_SuspendCallback
                0x08004f38       0x30 Src/usbd_conf.o
                0x08004f38                HAL_PCD_SuspendCallback
 .text.HAL_PCD_ResumeCallback
                0x08004f68        0xc Src/usbd_conf.o
                0x08004f68                HAL_PCD_ResumeCallback
 .text.HAL_PCD_ISOOUTIncompleteCallback
                0x08004f74        0xc Src/usbd_conf.o
                0x08004f74                HAL_PCD_ISOOUTIncompleteCallback
 .text.HAL_PCD_ISOINIncompleteCallback
                0x08004f80        0xc Src/usbd_conf.o
                0x08004f80                HAL_PCD_ISOINIncompleteCallback
 .text.HAL_PCD_ConnectCallback
                0x08004f8c        0xc Src/usbd_conf.o
                0x08004f8c                HAL_PCD_ConnectCallback
 .text.HAL_PCD_DisconnectCallback
                0x08004f98        0xc Src/usbd_conf.o
                0x08004f98                HAL_PCD_DisconnectCallback
 .text.USBD_LL_Init
                0x08004fa4       0x74 Src/usbd_conf.o
                0x08004fa4                USBD_LL_Init
 .text.USBD_LL_Start
                0x08005018       0x1c Src/usbd_conf.o
                0x08005018                USBD_LL_Start
 .text.USBD_LL_OpenEP
                0x08005034       0x22 Src/usbd_conf.o
                0x08005034                USBD_LL_OpenEP
 .text.USBD_LL_CloseEP
                0x08005056       0x1c Src/usbd_conf.o
                0x08005056                USBD_LL_CloseEP
 .text.USBD_LL_StallEP
                0x08005072       0x1c Src/usbd_conf.o
                0x08005072                USBD_LL_StallEP
 .text.USBD_LL_ClearStallEP
                0x0800508e       0x1c Src/usbd_conf.o
                0x0800508e                USBD_LL_ClearStallEP
 .text.USBD_LL_IsStallEP
                0x080050aa       0x2e Src/usbd_conf.o
                0x080050aa                USBD_LL_IsStallEP
 .text.USBD_LL_SetUSBAddress
                0x080050d8       0x1c Src/usbd_conf.o
                0x080050d8                USBD_LL_SetUSBAddress
 .text.USBD_LL_Transmit
                0x080050f4       0x1c Src/usbd_conf.o
                0x080050f4                USBD_LL_Transmit
 .text.USBD_LL_PrepareReceive
                0x08005110       0x1c Src/usbd_conf.o
                0x08005110                USBD_LL_PrepareReceive
 .text.USBD_LL_GetRxDataSize
                0x0800512c        0xc Src/usbd_conf.o
                0x0800512c                USBD_LL_GetRxDataSize
 .text.HAL_PCDEx_LPM_Callback
                0x08005138       0x64 Src/usbd_conf.o
                0x08005138                HAL_PCDEx_LPM_Callback
 .text.USBD_FS_DeviceDescriptor
                0x0800519c        0xc Src/usbd_desc.o
                0x0800519c                USBD_FS_DeviceDescriptor
 .text.USBD_FS_LangIDStrDescriptor
                0x080051a8        0xc Src/usbd_desc.o
                0x080051a8                USBD_FS_LangIDStrDescriptor
 .text.USBD_FS_USR_BOSDescriptor
                0x080051b4        0xc Src/usbd_desc.o
                0x080051b4                USBD_FS_USR_BOSDescriptor
 .text.USBD_FS_ProductStrDescriptor
                0x080051c0       0x24 Src/usbd_desc.o
                0x080051c0                USBD_FS_ProductStrDescriptor
 .text.USBD_FS_ManufacturerStrDescriptor
                0x080051e4       0x1c Src/usbd_desc.o
                0x080051e4                USBD_FS_ManufacturerStrDescriptor
 .text.USBD_FS_SerialStrDescriptor
                0x08005200       0x24 Src/usbd_desc.o
                0x08005200                USBD_FS_SerialStrDescriptor
 .text.USBD_FS_ConfigStrDescriptor
                0x08005224       0x24 Src/usbd_desc.o
                0x08005224                USBD_FS_ConfigStrDescriptor
 .text.USBD_FS_InterfaceStrDescriptor
                0x08005248       0x24 Src/usbd_desc.o
                0x08005248                USBD_FS_InterfaceStrDescriptor
 .text.Reset_Handler
                0x0800526c       0x50 startup/startup_stm32f446xx.o
                0x0800526c                Reset_Handler
 .text.Default_Handler
                0x080052bc        0x2 startup/startup_stm32f446xx.o
                0x080052bc                RTC_Alarm_IRQHandler
                0x080052bc                EXTI2_IRQHandler
                0x080052bc                TIM8_CC_IRQHandler
                0x080052bc                SPI4_IRQHandler
                0x080052bc                TIM1_CC_IRQHandler
                0x080052bc                DMA2_Stream5_IRQHandler
                0x080052bc                DMA1_Stream5_IRQHandler
                0x080052bc                PVD_IRQHandler
                0x080052bc                SDIO_IRQHandler
                0x080052bc                TAMP_STAMP_IRQHandler
                0x080052bc                CAN2_RX1_IRQHandler
                0x080052bc                EXTI3_IRQHandler
                0x080052bc                TIM8_TRG_COM_TIM14_IRQHandler
                0x080052bc                TIM1_UP_TIM10_IRQHandler
                0x080052bc                TIM8_UP_TIM13_IRQHandler
                0x080052bc                I2C3_ER_IRQHandler
                0x080052bc                FMPI2C1_Event_IRQHandler
                0x080052bc                EXTI0_IRQHandler
                0x080052bc                I2C2_EV_IRQHandler
                0x080052bc                DMA1_Stream2_IRQHandler
                0x080052bc                CAN1_RX0_IRQHandler
                0x080052bc                FPU_IRQHandler
                0x080052bc                OTG_HS_WKUP_IRQHandler
                0x080052bc                CAN2_SCE_IRQHandler
                0x080052bc                DMA2_Stream2_IRQHandler
                0x080052bc                SPI1_IRQHandler
                0x080052bc                TIM6_DAC_IRQHandler
                0x080052bc                TIM1_BRK_TIM9_IRQHandler
                0x080052bc                DCMI_IRQHandler
                0x080052bc                CAN2_RX0_IRQHandler
                0x080052bc                DMA2_Stream3_IRQHandler
                0x080052bc                SAI2_IRQHandler
                0x080052bc                USART6_IRQHandler
                0x080052bc                USART3_IRQHandler
                0x080052bc                CAN1_RX1_IRQHandler
                0x080052bc                UART5_IRQHandler
                0x080052bc                DMA2_Stream0_IRQHandler
                0x080052bc                TIM4_IRQHandler
                0x080052bc                QUADSPI_IRQHandler
                0x080052bc                I2C1_EV_IRQHandler
                0x080052bc                DMA1_Stream6_IRQHandler
                0x080052bc                DMA1_Stream1_IRQHandler
                0x080052bc                UART4_IRQHandler
                0x080052bc                TIM3_IRQHandler
                0x080052bc                RCC_IRQHandler
                0x080052bc                TIM8_BRK_TIM12_IRQHandler
                0x080052bc                Default_Handler
                0x080052bc                CEC_IRQHandler
                0x080052bc                EXTI15_10_IRQHandler
                0x080052bc                ADC_IRQHandler
                0x080052bc                DMA1_Stream7_IRQHandler
                0x080052bc                TIM7_IRQHandler
                0x080052bc                CAN2_TX_IRQHandler
                0x080052bc                TIM5_IRQHandler
                0x080052bc                DMA2_Stream7_IRQHandler
                0x080052bc                I2C3_EV_IRQHandler
                0x080052bc                EXTI9_5_IRQHandler
                0x080052bc                RTC_WKUP_IRQHandler
                0x080052bc                SPDIF_RX_IRQHandler
                0x080052bc                SPI2_IRQHandler
                0x080052bc                OTG_HS_EP1_IN_IRQHandler
                0x080052bc                DMA1_Stream0_IRQHandler
                0x080052bc                CAN1_TX_IRQHandler
                0x080052bc                EXTI4_IRQHandler
                0x080052bc                OTG_HS_EP1_OUT_IRQHandler
                0x080052bc                WWDG_IRQHandler
                0x080052bc                TIM2_IRQHandler
                0x080052bc                OTG_FS_WKUP_IRQHandler
                0x080052bc                TIM1_TRG_COM_TIM11_IRQHandler
                0x080052bc                OTG_HS_IRQHandler
                0x080052bc                EXTI1_IRQHandler
                0x080052bc                USART2_IRQHandler
                0x080052bc                I2C2_ER_IRQHandler
                0x080052bc                DMA2_Stream1_IRQHandler
                0x080052bc                CAN1_SCE_IRQHandler
                0x080052bc                FLASH_IRQHandler
                0x080052bc                DMA2_Stream4_IRQHandler
                0x080052bc                USART1_IRQHandler
                0x080052bc                SPI3_IRQHandler
                0x080052bc                DMA1_Stream4_IRQHandler
                0x080052bc                I2C1_ER_IRQHandler
                0x080052bc                FMC_IRQHandler
                0x080052bc                DMA2_Stream6_IRQHandler
                0x080052bc                SAI1_IRQHandler
                0x080052bc                DMA1_Stream3_IRQHandler
                0x080052bc                FMPI2C1_Error_IRQHandler
 *fill*         0x080052be        0x2 
 .text.__libc_init_array
                0x080052c0       0x48 c:/ac6/systemworkbench/plugins/fr.ac6.mcu.externaltools.arm-none.win32_1.15.0.201708311556/tools/compiler/bin/../lib/gcc/arm-none-eabi/6.3.1/../../../../arm-none-eabi/lib/thumb/v7e-m/fpv4-sp/hard\libc_nano.a(lib_a-init.o)
                0x080052c0                __libc_init_array
 .text.malloc   0x08005308       0x10 c:/ac6/systemworkbench/plugins/fr.ac6.mcu.externaltools.arm-none.win32_1.15.0.201708311556/tools/compiler/bin/../lib/gcc/arm-none-eabi/6.3.1/../../../../arm-none-eabi/lib/thumb/v7e-m/fpv4-sp/hard\libc_nano.a(lib_a-malloc.o)
                0x08005308                malloc
 .text.free     0x08005318       0x10 c:/ac6/systemworkbench/plugins/fr.ac6.mcu.externaltools.arm-none.win32_1.15.0.201708311556/tools/compiler/bin/../lib/gcc/arm-none-eabi/6.3.1/../../../../arm-none-eabi/lib/thumb/v7e-m/fpv4-sp/hard\libc_nano.a(lib_a-malloc.o)
                0x08005318                free
 .text._free_r  0x08005328       0x9c c:/ac6/systemworkbench/plugins/fr.ac6.mcu.externaltools.arm-none.win32_1.15.0.201708311556/tools/compiler/bin/../lib/gcc/arm-none-eabi/6.3.1/../../../../arm-none-eabi/lib/thumb/v7e-m/fpv4-sp/hard\libc_nano.a(lib_a-nano-freer.o)
                0x08005328                _free_r
 .text._malloc_r
                0x080053c4       0xbc c:/ac6/systemworkbench/plugins/fr.ac6.mcu.externaltools.arm-none.win32_1.15.0.201708311556/tools/compiler/bin/../lib/gcc/arm-none-eabi/6.3.1/../../../../arm-none-eabi/lib/thumb/v7e-m/fpv4-sp/hard\libc_nano.a(lib_a-nano-mallocr.o)
                0x080053c4                _malloc_r
 .text._sbrk_r  0x08005480       0x20 c:/ac6/systemworkbench/plugins/fr.ac6.mcu.externaltools.arm-none.win32_1.15.0.201708311556/tools/compiler/bin/../lib/gcc/arm-none-eabi/6.3.1/../../../../arm-none-eabi/lib/thumb/v7e-m/fpv4-sp/hard\libc_nano.a(lib_a-sbrkr.o)
                0x08005480                _sbrk_r
 .text.sprintf  0x080054a0       0x48 c:/ac6/systemworkbench/plugins/fr.ac6.mcu.externaltools.arm-none.win32_1.15.0.201708311556/tools/compiler/bin/../lib/gcc/arm-none-eabi/6.3.1/../../../../arm-none-eabi/lib/thumb/v7e-m/fpv4-sp/hard\libc_nano.a(lib_a-sprintf.o)
                0x080054a0                siprintf
                0x080054a0                sprintf
 .text.__malloc_lock
                0x080054e8        0x2 c:/ac6/systemworkbench/plugins/fr.ac6.mcu.externaltools.arm-none.win32_1.15.0.201708311556/tools/compiler/bin/../lib/gcc/arm-none-eabi/6.3.1/../../../../arm-none-eabi/lib/thumb/v7e-m/fpv4-sp/hard\libc_nano.a(lib_a-mlock.o)
                0x080054e8                __malloc_lock
 .text.__malloc_unlock
                0x080054ea        0x2 c:/ac6/systemworkbench/plugins/fr.ac6.mcu.externaltools.arm-none.win32_1.15.0.201708311556/tools/compiler/bin/../lib/gcc/arm-none-eabi/6.3.1/../../../../arm-none-eabi/lib/thumb/v7e-m/fpv4-sp/hard\libc_nano.a(lib_a-mlock.o)
                0x080054ea                __malloc_unlock
 .text.__ssputs_r
                0x080054ec       0xb6 c:/ac6/systemworkbench/plugins/fr.ac6.mcu.externaltools.arm-none.win32_1.15.0.201708311556/tools/compiler/bin/../lib/gcc/arm-none-eabi/6.3.1/../../../../arm-none-eabi/lib/thumb/v7e-m/fpv4-sp/hard\libc_nano.a(lib_a-nano-svfprintf.o)
                0x080054ec                __ssputs_r
 *fill*         0x080055a2        0x2 
 .text._svfprintf_r
                0x080055a4      0x1e8 c:/ac6/systemworkbench/plugins/fr.ac6.mcu.externaltools.arm-none.win32_1.15.0.201708311556/tools/compiler/bin/../lib/gcc/arm-none-eabi/6.3.1/../../../../arm-none-eabi/lib/thumb/v7e-m/fpv4-sp/hard\libc_nano.a(lib_a-nano-svfprintf.o)
                0x080055a4                _svfiprintf_r
                0x080055a4                _svfprintf_r
 .text._printf_common
                0x0800578c       0xec c:/ac6/systemworkbench/plugins/fr.ac6.mcu.externaltools.arm-none.win32_1.15.0.201708311556/tools/compiler/bin/../lib/gcc/arm-none-eabi/6.3.1/../../../../arm-none-eabi/lib/thumb/v7e-m/fpv4-sp/hard\libc_nano.a(lib_a-nano-vfprintf_i.o)
                0x0800578c                _printf_common
 .text._printf_i
                0x08005878      0x240 c:/ac6/systemworkbench/plugins/fr.ac6.mcu.externaltools.arm-none.win32_1.15.0.201708311556/tools/compiler/bin/../lib/gcc/arm-none-eabi/6.3.1/../../../../arm-none-eabi/lib/thumb/v7e-m/fpv4-sp/hard\libc_nano.a(lib_a-nano-vfprintf_i.o)
                0x08005878                _printf_i
 .text.memcpy   0x08005ab8       0x16 c:/ac6/systemworkbench/plugins/fr.ac6.mcu.externaltools.arm-none.win32_1.15.0.201708311556/tools/compiler/bin/../lib/gcc/arm-none-eabi/6.3.1/../../../../arm-none-eabi/lib/thumb/v7e-m/fpv4-sp/hard\libc_nano.a(lib_a-memcpy-stub.o)
                0x08005ab8                memcpy
 .text.memmove  0x08005ace       0x34 c:/ac6/systemworkbench/plugins/fr.ac6.mcu.externaltools.arm-none.win32_1.15.0.201708311556/tools/compiler/bin/../lib/gcc/arm-none-eabi/6.3.1/../../../../arm-none-eabi/lib/thumb/v7e-m/fpv4-sp/hard\libc_nano.a(lib_a-memmove.o)
                0x08005ace                memmove
 .text._realloc_r
                0x08005b02       0x4c c:/ac6/systemworkbench/plugins/fr.ac6.mcu.externaltools.arm-none.win32_1.15.0.201708311556/tools/compiler/bin/../lib/gcc/arm-none-eabi/6.3.1/../../../../arm-none-eabi/lib/thumb/v7e-m/fpv4-sp/hard\libc_nano.a(lib_a-nano-reallocr.o)
                0x08005b02                _realloc_r
 .text._malloc_usable_size_r
                0x08005b4e       0x12 c:/ac6/systemworkbench/plugins/fr.ac6.mcu.externaltools.arm-none.win32_1.15.0.201708311556/tools/compiler/bin/../lib/gcc/arm-none-eabi/6.3.1/../../../../arm-none-eabi/lib/thumb/v7e-m/fpv4-sp/hard\libc_nano.a(lib_a-nano-msizer.o)
                0x08005b4e                _malloc_usable_size_r
 .text._sbrk    0x08005b60       0x1c c:/ac6/systemworkbench/plugins/fr.ac6.mcu.externaltools.arm-none.win32_1.15.0.201708311556/tools/compiler/bin/../lib/gcc/arm-none-eabi/6.3.1/../../../../arm-none-eabi/lib/thumb/v7e-m/fpv4-sp/hard\libnosys.a(sbrk.o)
                0x08005b60                _sbrk
 *(.glue_7)
 .glue_7        0x08005b7c        0x0 linker stubs
 *(.glue_7t)
 .glue_7t       0x08005b7c        0x0 linker stubs
 *(.eh_frame)
 .eh_frame      0x08005b7c        0x0 c:/ac6/systemworkbench/plugins/fr.ac6.mcu.externaltools.arm-none.win32_1.15.0.201708311556/tools/compiler/bin/../lib/gcc/arm-none-eabi/6.3.1/thumb/v7e-m/fpv4-sp/hard/crtbegin.o
 *(.init)
 .init          0x08005b7c        0x4 c:/ac6/systemworkbench/plugins/fr.ac6.mcu.externaltools.arm-none.win32_1.15.0.201708311556/tools/compiler/bin/../lib/gcc/arm-none-eabi/6.3.1/thumb/v7e-m/fpv4-sp/hard/crti.o
                0x08005b7c                _init
 .init          0x08005b80        0x8 c:/ac6/systemworkbench/plugins/fr.ac6.mcu.externaltools.arm-none.win32_1.15.0.201708311556/tools/compiler/bin/../lib/gcc/arm-none-eabi/6.3.1/thumb/v7e-m/fpv4-sp/hard/crtn.o
 *(.fini)
 .fini          0x08005b88        0x4 c:/ac6/systemworkbench/plugins/fr.ac6.mcu.externaltools.arm-none.win32_1.15.0.201708311556/tools/compiler/bin/../lib/gcc/arm-none-eabi/6.3.1/thumb/v7e-m/fpv4-sp/hard/crti.o
                0x08005b88                _fini
 .fini          0x08005b8c        0x8 c:/ac6/systemworkbench/plugins/fr.ac6.mcu.externaltools.arm-none.win32_1.15.0.201708311556/tools/compiler/bin/../lib/gcc/arm-none-eabi/6.3.1/thumb/v7e-m/fpv4-sp/hard/crtn.o
                0x08005b94                . = ALIGN (0x4)
                0x08005b94                _etext = .

.vfp11_veneer   0x08005b94        0x0
 .vfp11_veneer  0x08005b94        0x0 linker stubs

.v4_bx          0x08005b94        0x0
 .v4_bx         0x08005b94        0x0 linker stubs

.iplt           0x08005b94        0x0
 .iplt          0x08005b94        0x0 c:/ac6/systemworkbench/plugins/fr.ac6.mcu.externaltools.arm-none.win32_1.15.0.201708311556/tools/compiler/bin/../lib/gcc/arm-none-eabi/6.3.1/thumb/v7e-m/fpv4-sp/hard/crtbegin.o

.rodata         0x08005b94      0x188
                0x08005b94                . = ALIGN (0x4)
 *(.rodata)
 .rodata        0x08005b94       0x18 Src/system_stm32f4xx.o
                0x08005b94                AHBPrescTable
                0x08005ba4                APBPrescTable
 *(.rodata*)
 .rodata.str1.4
                0x08005bac       0xcd Src/main.o
 *fill*         0x08005c79        0x3 
 .rodata.str1.4
                0x08005c7c       0x13 Src/usbd_conf.o
 *fill*         0x08005c8f        0x1 
 .rodata.str1.4
                0x08005c90       0x58 Src/usbd_desc.o
                                 0x56 (size before relaxing)
 .rodata._svfprintf_r.str1.1
                0x08005ce8       0x11 c:/ac6/systemworkbench/plugins/fr.ac6.mcu.externaltools.arm-none.win32_1.15.0.201708311556/tools/compiler/bin/../lib/gcc/arm-none-eabi/6.3.1/../../../../arm-none-eabi/lib/thumb/v7e-m/fpv4-sp/hard\libc_nano.a(lib_a-nano-svfprintf.o)
 .rodata._printf_i.str1.1
                0x08005cf9       0x22 c:/ac6/systemworkbench/plugins/fr.ac6.mcu.externaltools.arm-none.win32_1.15.0.201708311556/tools/compiler/bin/../lib/gcc/arm-none-eabi/6.3.1/../../../../arm-none-eabi/lib/thumb/v7e-m/fpv4-sp/hard\libc_nano.a(lib_a-nano-vfprintf_i.o)
                0x08005d1c                . = ALIGN (0x4)
 *fill*         0x08005d1b        0x1 

.ARM.extab
 *(.ARM.extab* .gnu.linkonce.armextab.*)

.ARM            0x08005d1c        0x8
                0x08005d1c                __exidx_start = .
 *(.ARM.exidx*)
 .ARM.exidx     0x08005d1c        0x8 c:/ac6/systemworkbench/plugins/fr.ac6.mcu.externaltools.arm-none.win32_1.15.0.201708311556/tools/compiler/bin/../lib/gcc/arm-none-eabi/6.3.1/thumb/v7e-m/fpv4-sp/hard\libgcc.a(_udivmoddi4.o)
                0x08005d24                __exidx_end = .

.rel.dyn        0x08005d24        0x0
 .rel.iplt      0x08005d24        0x0 c:/ac6/systemworkbench/plugins/fr.ac6.mcu.externaltools.arm-none.win32_1.15.0.201708311556/tools/compiler/bin/../lib/gcc/arm-none-eabi/6.3.1/thumb/v7e-m/fpv4-sp/hard/crtbegin.o

.preinit_array  0x08005d24        0x0
                0x08005d24                PROVIDE (__preinit_array_start, .)
 *(.preinit_array*)
                0x08005d24                PROVIDE (__preinit_array_end, .)

.init_array     0x08005d24        0x4
                0x08005d24                PROVIDE (__init_array_start, .)
 *(SORT(.init_array.*))
 *(.init_array*)
 .init_array    0x08005d24        0x4 c:/ac6/systemworkbench/plugins/fr.ac6.mcu.externaltools.arm-none.win32_1.15.0.201708311556/tools/compiler/bin/../lib/gcc/arm-none-eabi/6.3.1/thumb/v7e-m/fpv4-sp/hard/crtbegin.o
                0x08005d28                PROVIDE (__init_array_end, .)

.fini_array     0x08005d28        0x4
                [!provide]                PROVIDE (__fini_array_start, .)
 *(SORT(.fini_array.*))
 *(.fini_array*)
 .fini_array    0x08005d28        0x4 c:/ac6/systemworkbench/plugins/fr.ac6.mcu.externaltools.arm-none.win32_1.15.0.201708311556/tools/compiler/bin/../lib/gcc/arm-none-eabi/6.3.1/thumb/v7e-m/fpv4-sp/hard/crtbegin.o
                [!provide]                PROVIDE (__fini_array_end, .)
                0x08005d2c                _sidata = LOADADDR (.data)

.data           0x20000000      0x3d0 load address 0x08005d2c
                0x20000000                . = ALIGN (0x4)
                0x20000000                _sdata = .
 *(.data)
 .data          0x20000000        0x8 Drivers/STM32F4xx_HAL_Driver/Src/stm32f4xx_hal.o
                0x20000000                uwTickFreq
                0x20000004                uwTickPrio
 .data          0x20000008      0x110 Middlewares/ST/STM32_USB_Device_Library/Class/CDC/Src/usbd_cdc.o
                0x20000008                USBD_CDC_CfgFSDesc
                0x2000004c                USBD_CDC_CfgHSDesc
                0x20000090                USBD_CDC_OtherSpeedCfgDesc
                0x200000e0                USBD_CDC
 .data          0x20000118      0x1fa Src/main.o
                0x20000118                buf
 *fill*         0x20000312        0x2 
 .data          0x20000314        0x4 Src/system_stm32f4xx.o
                0x20000314                SystemCoreClock
 .data          0x20000318       0x10 Src/usbd_cdc_if.o
                0x20000318                USBD_Interface_fops_FS
 .data          0x20000328       0x44 Src/usbd_desc.o
                0x20000328                USBD_FS_DeviceDesc
                0x2000033c                USBD_LangIDDesc
                0x20000340                USBD_FS_BOSDesc
                0x2000034c                FS_Desc
 *(.data*)
 .data._impure_ptr
                0x2000036c        0x4 c:/ac6/systemworkbench/plugins/fr.ac6.mcu.externaltools.arm-none.win32_1.15.0.201708311556/tools/compiler/bin/../lib/gcc/arm-none-eabi/6.3.1/../../../../arm-none-eabi/lib/thumb/v7e-m/fpv4-sp/hard\libc_nano.a(lib_a-impure.o)
                0x2000036c                _impure_ptr
 .data.impure_data
                0x20000370       0x60 c:/ac6/systemworkbench/plugins/fr.ac6.mcu.externaltools.arm-none.win32_1.15.0.201708311556/tools/compiler/bin/../lib/gcc/arm-none-eabi/6.3.1/../../../../arm-none-eabi/lib/thumb/v7e-m/fpv4-sp/hard\libc_nano.a(lib_a-impure.o)
                0x200003d0                . = ALIGN (0x4)
                0x200003d0                _edata = .

.jcr            0x200003d0        0x0 load address 0x080060fc
 .jcr           0x200003d0        0x0 c:/ac6/systemworkbench/plugins/fr.ac6.mcu.externaltools.arm-none.win32_1.15.0.201708311556/tools/compiler/bin/../lib/gcc/arm-none-eabi/6.3.1/thumb/v7e-m/fpv4-sp/hard/crtbegin.o

.igot.plt       0x200003d0        0x0 load address 0x080060fc
 .igot.plt      0x200003d0        0x0 c:/ac6/systemworkbench/plugins/fr.ac6.mcu.externaltools.arm-none.win32_1.15.0.201708311556/tools/compiler/bin/../lib/gcc/arm-none-eabi/6.3.1/thumb/v7e-m/fpv4-sp/hard/crtbegin.o
                0x200003d0                . = ALIGN (0x4)

.bss            0x200003d0     0x1d60 load address 0x080060fc
                0x200003d0                _sbss = .
                0x200003d0                __bss_start__ = _sbss
 *(.bss)
 .bss           0x200003d0       0x1c c:/ac6/systemworkbench/plugins/fr.ac6.mcu.externaltools.arm-none.win32_1.15.0.201708311556/tools/compiler/bin/../lib/gcc/arm-none-eabi/6.3.1/thumb/v7e-m/fpv4-sp/hard/crtbegin.o
 .bss           0x200003ec        0x1 Middlewares/ST/STM32_USB_Device_Library/Class/CDC/Src/usbd_cdc.o
 .bss           0x200003ed        0x1 Middlewares/ST/STM32_USB_Device_Library/Core/Src/usbd_ctlreq.o
 *fill*         0x200003ee        0x2 
 .bss           0x200003f0        0x8 Src/usb.o
                0x200003f4                RxFifoIndex
 *(.bss*)
 .bss.__malloc_free_list
                0x200003f8        0x4 c:/ac6/systemworkbench/plugins/fr.ac6.mcu.externaltools.arm-none.win32_1.15.0.201708311556/tools/compiler/bin/../lib/gcc/arm-none-eabi/6.3.1/../../../../arm-none-eabi/lib/thumb/v7e-m/fpv4-sp/hard\libc_nano.a(lib_a-nano-mallocr.o)
                0x200003f8                __malloc_free_list
 .bss.__malloc_sbrk_start
                0x200003fc        0x4 c:/ac6/systemworkbench/plugins/fr.ac6.mcu.externaltools.arm-none.win32_1.15.0.201708311556/tools/compiler/bin/../lib/gcc/arm-none-eabi/6.3.1/../../../../arm-none-eabi/lib/thumb/v7e-m/fpv4-sp/hard\libc_nano.a(lib_a-nano-mallocr.o)
                0x200003fc                __malloc_sbrk_start
 .bss.heap_end.5239
                0x20000400        0x4 c:/ac6/systemworkbench/plugins/fr.ac6.mcu.externaltools.arm-none.win32_1.15.0.201708311556/tools/compiler/bin/../lib/gcc/arm-none-eabi/6.3.1/../../../../arm-none-eabi/lib/thumb/v7e-m/fpv4-sp/hard\libnosys.a(sbrk.o)
 *(COMMON)
 COMMON         0x20000404        0x4 Drivers/STM32F4xx_HAL_Driver/Src/stm32f4xx_hal.o
                0x20000404                uwTick
 COMMON         0x20000408      0x104 Src/main.o
                0x20000408                hadc1
                0x20000450                i
                0x20000454                sConfigOC
                0x20000470                htim1
                0x200004ac                hspi1
                0x20000504                stat
                0x20000508                len
 COMMON         0x2000050c      0x400 Src/usb.o
                0x2000050c                RxBuffer
 COMMON         0x2000090c      0x224 Src/usb_device.o
                0x2000090c                hUsbDeviceFS
 COMMON         0x20000b30     0x1000 Src/usbd_cdc_if.o
                0x20000b30                UserRxBufferFS
                0x20001330                UserTxBufferFS
 COMMON         0x20001b30      0x3fc Src/usbd_conf.o
                0x20001b30                hpcd_USB_OTG_FS
 COMMON         0x20001f2c      0x200 Src/usbd_desc.o
                0x20001f2c                USBD_StrDesc
 COMMON         0x2000212c        0x4 c:/ac6/systemworkbench/plugins/fr.ac6.mcu.externaltools.arm-none.win32_1.15.0.201708311556/tools/compiler/bin/../lib/gcc/arm-none-eabi/6.3.1/../../../../arm-none-eabi/lib/thumb/v7e-m/fpv4-sp/hard\libc_nano.a(lib_a-reent.o)
                0x2000212c                errno
                0x20002130                . = ALIGN (0x4)
                0x20002130                _ebss = .
                0x20002130                __bss_end__ = _ebss

._user_heap_stack
                0x20002130      0x600 load address 0x080060fc
                0x20002130                . = ALIGN (0x8)
                0x20002130                PROVIDE (end, .)
                [!provide]                PROVIDE (_end, .)
                0x20002330                . = (. + _Min_Heap_Size)
 *fill*         0x20002130      0x200 
                0x20002730                . = (. + _Min_Stack_Size)
 *fill*         0x20002330      0x400 
                0x20002730                . = ALIGN (0x8)

/DISCARD/
 libc.a(*)
 libm.a(*)
 libgcc.a(*)

.ARM.attributes
                0x00000000       0x30
 *(.ARM.attributes)
 .ARM.attributes
                0x00000000       0x22 c:/ac6/systemworkbench/plugins/fr.ac6.mcu.externaltools.arm-none.win32_1.15.0.201708311556/tools/compiler/bin/../lib/gcc/arm-none-eabi/6.3.1/thumb/v7e-m/fpv4-sp/hard/crti.o
 .ARM.attributes
                0x00000022       0x34 c:/ac6/systemworkbench/plugins/fr.ac6.mcu.externaltools.arm-none.win32_1.15.0.201708311556/tools/compiler/bin/../lib/gcc/arm-none-eabi/6.3.1/thumb/v7e-m/fpv4-sp/hard/crtbegin.o
 .ARM.attributes
                0x00000056       0x39 Drivers/STM32F4xx_HAL_Driver/Src/stm32f4xx_hal.o
 .ARM.attributes
                0x0000008f       0x39 Drivers/STM32F4xx_HAL_Driver/Src/stm32f4xx_hal_adc.o
 .ARM.attributes
                0x000000c8       0x39 Drivers/STM32F4xx_HAL_Driver/Src/stm32f4xx_hal_cortex.o
 .ARM.attributes
                0x00000101       0x39 Drivers/STM32F4xx_HAL_Driver/Src/stm32f4xx_hal_gpio.o
 .ARM.attributes
                0x0000013a       0x39 Drivers/STM32F4xx_HAL_Driver/Src/stm32f4xx_hal_pcd.o
 .ARM.attributes
                0x00000173       0x39 Drivers/STM32F4xx_HAL_Driver/Src/stm32f4xx_hal_pcd_ex.o
 .ARM.attributes
                0x000001ac       0x39 Drivers/STM32F4xx_HAL_Driver/Src/stm32f4xx_hal_rcc.o
 .ARM.attributes
                0x000001e5       0x39 Drivers/STM32F4xx_HAL_Driver/Src/stm32f4xx_hal_rcc_ex.o
 .ARM.attributes
                0x0000021e       0x39 Drivers/STM32F4xx_HAL_Driver/Src/stm32f4xx_hal_spi.o
 .ARM.attributes
                0x00000257       0x39 Drivers/STM32F4xx_HAL_Driver/Src/stm32f4xx_hal_tim.o
 .ARM.attributes
                0x00000290       0x39 Drivers/STM32F4xx_HAL_Driver/Src/stm32f4xx_hal_tim_ex.o
 .ARM.attributes
                0x000002c9       0x39 Drivers/STM32F4xx_HAL_Driver/Src/stm32f4xx_ll_usb.o
 .ARM.attributes
                0x00000302       0x39 Middlewares/ST/STM32_USB_Device_Library/Class/CDC/Src/usbd_cdc.o
 .ARM.attributes
                0x0000033b       0x39 Middlewares/ST/STM32_USB_Device_Library/Core/Src/usbd_core.o
 .ARM.attributes
                0x00000374       0x39 Middlewares/ST/STM32_USB_Device_Library/Core/Src/usbd_ctlreq.o
 .ARM.attributes
                0x000003ad       0x39 Middlewares/ST/STM32_USB_Device_Library/Core/Src/usbd_ioreq.o
 .ARM.attributes
                0x000003e6       0x39 Src/DRV8323.o
 .ARM.attributes
                0x0000041f       0x39 Src/main.o
 .ARM.attributes
                0x00000458       0x39 Src/stm32f4xx_hal_msp.o
 .ARM.attributes
                0x00000491       0x39 Src/stm32f4xx_it.o
 .ARM.attributes
                0x000004ca       0x39 Src/system_stm32f4xx.o
 .ARM.attributes
                0x00000503       0x39 Src/usb.o
 .ARM.attributes
                0x0000053c       0x39 Src/usb_device.o
 .ARM.attributes
                0x00000575       0x39 Src/usbd_cdc_if.o
 .ARM.attributes
                0x000005ae       0x39 Src/usbd_conf.o
 .ARM.attributes
                0x000005e7       0x39 Src/usbd_desc.o
 .ARM.attributes
                0x00000620       0x21 startup/startup_stm32f446xx.o
 .ARM.attributes
                0x00000641       0x22 c:/ac6/systemworkbench/plugins/fr.ac6.mcu.externaltools.arm-none.win32_1.15.0.201708311556/tools/compiler/bin/../lib/gcc/arm-none-eabi/6.3.1/thumb/v7e-m/fpv4-sp/hard\libgcc.a(_aeabi_uldivmod.o)
 .ARM.attributes
                0x00000663       0x34 c:/ac6/systemworkbench/plugins/fr.ac6.mcu.externaltools.arm-none.win32_1.15.0.201708311556/tools/compiler/bin/../lib/gcc/arm-none-eabi/6.3.1/thumb/v7e-m/fpv4-sp/hard\libgcc.a(_udivmoddi4.o)
 .ARM.attributes
                0x00000697       0x22 c:/ac6/systemworkbench/plugins/fr.ac6.mcu.externaltools.arm-none.win32_1.15.0.201708311556/tools/compiler/bin/../lib/gcc/arm-none-eabi/6.3.1/thumb/v7e-m/fpv4-sp/hard\libgcc.a(_dvmd_tls.o)
 .ARM.attributes
                0x000006b9       0x34 c:/ac6/systemworkbench/plugins/fr.ac6.mcu.externaltools.arm-none.win32_1.15.0.201708311556/tools/compiler/bin/../lib/gcc/arm-none-eabi/6.3.1/../../../../arm-none-eabi/lib/thumb/v7e-m/fpv4-sp/hard\libc_nano.a(lib_a-impure.o)
 .ARM.attributes
                0x000006ed       0x34 c:/ac6/systemworkbench/plugins/fr.ac6.mcu.externaltools.arm-none.win32_1.15.0.201708311556/tools/compiler/bin/../lib/gcc/arm-none-eabi/6.3.1/../../../../arm-none-eabi/lib/thumb/v7e-m/fpv4-sp/hard\libc_nano.a(lib_a-init.o)
 .ARM.attributes
                0x00000721       0x34 c:/ac6/systemworkbench/plugins/fr.ac6.mcu.externaltools.arm-none.win32_1.15.0.201708311556/tools/compiler/bin/../lib/gcc/arm-none-eabi/6.3.1/../../../../arm-none-eabi/lib/thumb/v7e-m/fpv4-sp/hard\libc_nano.a(lib_a-malloc.o)
 .ARM.attributes
                0x00000755       0x34 c:/ac6/systemworkbench/plugins/fr.ac6.mcu.externaltools.arm-none.win32_1.15.0.201708311556/tools/compiler/bin/../lib/gcc/arm-none-eabi/6.3.1/../../../../arm-none-eabi/lib/thumb/v7e-m/fpv4-sp/hard\libc_nano.a(lib_a-nano-freer.o)
 .ARM.attributes
                0x00000789       0x34 c:/ac6/systemworkbench/plugins/fr.ac6.mcu.externaltools.arm-none.win32_1.15.0.201708311556/tools/compiler/bin/../lib/gcc/arm-none-eabi/6.3.1/../../../../arm-none-eabi/lib/thumb/v7e-m/fpv4-sp/hard\libc_nano.a(lib_a-nano-mallocr.o)
 .ARM.attributes
                0x000007bd       0x34 c:/ac6/systemworkbench/plugins/fr.ac6.mcu.externaltools.arm-none.win32_1.15.0.201708311556/tools/compiler/bin/../lib/gcc/arm-none-eabi/6.3.1/../../../../arm-none-eabi/lib/thumb/v7e-m/fpv4-sp/hard\libc_nano.a(lib_a-sbrkr.o)
 .ARM.attributes
                0x000007f1       0x34 c:/ac6/systemworkbench/plugins/fr.ac6.mcu.externaltools.arm-none.win32_1.15.0.201708311556/tools/compiler/bin/../lib/gcc/arm-none-eabi/6.3.1/../../../../arm-none-eabi/lib/thumb/v7e-m/fpv4-sp/hard\libc_nano.a(lib_a-sprintf.o)
 .ARM.attributes
                0x00000825       0x34 c:/ac6/systemworkbench/plugins/fr.ac6.mcu.externaltools.arm-none.win32_1.15.0.201708311556/tools/compiler/bin/../lib/gcc/arm-none-eabi/6.3.1/../../../../arm-none-eabi/lib/thumb/v7e-m/fpv4-sp/hard\libc_nano.a(lib_a-mlock.o)
 .ARM.attributes
                0x00000859       0x34 c:/ac6/systemworkbench/plugins/fr.ac6.mcu.externaltools.arm-none.win32_1.15.0.201708311556/tools/compiler/bin/../lib/gcc/arm-none-eabi/6.3.1/../../../../arm-none-eabi/lib/thumb/v7e-m/fpv4-sp/hard\libc_nano.a(lib_a-nano-svfprintf.o)
 .ARM.attributes
                0x0000088d       0x34 c:/ac6/systemworkbench/plugins/fr.ac6.mcu.externaltools.arm-none.win32_1.15.0.201708311556/tools/compiler/bin/../lib/gcc/arm-none-eabi/6.3.1/../../../../arm-none-eabi/lib/thumb/v7e-m/fpv4-sp/hard\libc_nano.a(lib_a-nano-vfprintf_i.o)
 .ARM.attributes
                0x000008c1       0x34 c:/ac6/systemworkbench/plugins/fr.ac6.mcu.externaltools.arm-none.win32_1.15.0.201708311556/tools/compiler/bin/../lib/gcc/arm-none-eabi/6.3.1/../../../../arm-none-eabi/lib/thumb/v7e-m/fpv4-sp/hard\libc_nano.a(lib_a-reent.o)
 .ARM.attributes
                0x000008f5       0x20 c:/ac6/systemworkbench/plugins/fr.ac6.mcu.externaltools.arm-none.win32_1.15.0.201708311556/tools/compiler/bin/../lib/gcc/arm-none-eabi/6.3.1/../../../../arm-none-eabi/lib/thumb/v7e-m/fpv4-sp/hard\libc_nano.a(lib_a-memchr.o)
 .ARM.attributes
                0x00000915       0x34 c:/ac6/systemworkbench/plugins/fr.ac6.mcu.externaltools.arm-none.win32_1.15.0.201708311556/tools/compiler/bin/../lib/gcc/arm-none-eabi/6.3.1/../../../../arm-none-eabi/lib/thumb/v7e-m/fpv4-sp/hard\libc_nano.a(lib_a-memcpy-stub.o)
 .ARM.attributes
                0x00000949       0x34 c:/ac6/systemworkbench/plugins/fr.ac6.mcu.externaltools.arm-none.win32_1.15.0.201708311556/tools/compiler/bin/../lib/gcc/arm-none-eabi/6.3.1/../../../../arm-none-eabi/lib/thumb/v7e-m/fpv4-sp/hard\libc_nano.a(lib_a-memmove.o)
 .ARM.attributes
                0x0000097d       0x34 c:/ac6/systemworkbench/plugins/fr.ac6.mcu.externaltools.arm-none.win32_1.15.0.201708311556/tools/compiler/bin/../lib/gcc/arm-none-eabi/6.3.1/../../../../arm-none-eabi/lib/thumb/v7e-m/fpv4-sp/hard\libc_nano.a(lib_a-nano-reallocr.o)
 .ARM.attributes
                0x000009b1       0x34 c:/ac6/systemworkbench/plugins/fr.ac6.mcu.externaltools.arm-none.win32_1.15.0.201708311556/tools/compiler/bin/../lib/gcc/arm-none-eabi/6.3.1/../../../../arm-none-eabi/lib/thumb/v7e-m/fpv4-sp/hard\libc_nano.a(lib_a-nano-msizer.o)
 .ARM.attributes
                0x000009e5       0x34 c:/ac6/systemworkbench/plugins/fr.ac6.mcu.externaltools.arm-none.win32_1.15.0.201708311556/tools/compiler/bin/../lib/gcc/arm-none-eabi/6.3.1/../../../../arm-none-eabi/lib/thumb/v7e-m/fpv4-sp/hard\libnosys.a(sbrk.o)
 .ARM.attributes
                0x00000a19       0x22 c:/ac6/systemworkbench/plugins/fr.ac6.mcu.externaltools.arm-none.win32_1.15.0.201708311556/tools/compiler/bin/../lib/gcc/arm-none-eabi/6.3.1/thumb/v7e-m/fpv4-sp/hard/crtn.o
OUTPUT(VSD_TIM1PWM_USB_ADC_GPIO_SPI.elf elf32-littlearm)

.debug_info     0x00000000    0x26084
 .debug_info    0x00000000     0x122e Drivers/STM32F4xx_HAL_Driver/Src/stm32f4xx_hal.o
 .debug_info    0x0000122e     0x15da Drivers/STM32F4xx_HAL_Driver/Src/stm32f4xx_hal_adc.o
 .debug_info    0x00002808     0x1778 Drivers/STM32F4xx_HAL_Driver/Src/stm32f4xx_hal_cortex.o
 .debug_info    0x00003f80      0xfe5 Drivers/STM32F4xx_HAL_Driver/Src/stm32f4xx_hal_gpio.o
 .debug_info    0x00004f65     0x1de8 Drivers/STM32F4xx_HAL_Driver/Src/stm32f4xx_hal_pcd.o
 .debug_info    0x00006d4d      0xf6d Drivers/STM32F4xx_HAL_Driver/Src/stm32f4xx_hal_pcd_ex.o
 .debug_info    0x00007cba     0x129f Drivers/STM32F4xx_HAL_Driver/Src/stm32f4xx_hal_rcc.o
 .debug_info    0x00008f59     0x1414 Drivers/STM32F4xx_HAL_Driver/Src/stm32f4xx_hal_rcc_ex.o
 .debug_info    0x0000a36d     0x220a Drivers/STM32F4xx_HAL_Driver/Src/stm32f4xx_hal_spi.o
 .debug_info    0x0000c577     0x3684 Drivers/STM32F4xx_HAL_Driver/Src/stm32f4xx_hal_tim.o
 .debug_info    0x0000fbfb     0x1b26 Drivers/STM32F4xx_HAL_Driver/Src/stm32f4xx_hal_tim_ex.o
 .debug_info    0x00011721     0x1f7a Drivers/STM32F4xx_HAL_Driver/Src/stm32f4xx_ll_usb.o
 .debug_info    0x0001369b     0x1596 Middlewares/ST/STM32_USB_Device_Library/Class/CDC/Src/usbd_cdc.o
 .debug_info    0x00014c31     0x149c Middlewares/ST/STM32_USB_Device_Library/Core/Src/usbd_core.o
 .debug_info    0x000160cd     0x1682 Middlewares/ST/STM32_USB_Device_Library/Core/Src/usbd_ctlreq.o
 .debug_info    0x0001774f      0xfe5 Middlewares/ST/STM32_USB_Device_Library/Core/Src/usbd_ioreq.o
 .debug_info    0x00018734     0x11f4 Src/DRV8323.o
 .debug_info    0x00019928     0x2c91 Src/main.o
 .debug_info    0x0001c5b9     0x1cf7 Src/stm32f4xx_hal_msp.o
 .debug_info    0x0001e2b0      0xec2 Src/stm32f4xx_it.o
 .debug_info    0x0001f172      0xd64 Src/system_stm32f4xx.o
 .debug_info    0x0001fed6      0xfb4 Src/usb.o
 .debug_info    0x00020e8a      0xe9d Src/usb_device.o
 .debug_info    0x00021d27     0x10df Src/usbd_cdc_if.o
 .debug_info    0x00022e06     0x2422 Src/usbd_conf.o
 .debug_info    0x00025228      0xdc5 Src/usbd_desc.o
 .debug_info    0x00025fed       0x97 startup/startup_stm32f446xx.o

.debug_abbrev   0x00000000     0x4899
 .debug_abbrev  0x00000000      0x2e3 Drivers/STM32F4xx_HAL_Driver/Src/stm32f4xx_hal.o
 .debug_abbrev  0x000002e3      0x2da Drivers/STM32F4xx_HAL_Driver/Src/stm32f4xx_hal_adc.o
 .debug_abbrev  0x000005bd      0x3d4 Drivers/STM32F4xx_HAL_Driver/Src/stm32f4xx_hal_cortex.o
 .debug_abbrev  0x00000991      0x2a5 Drivers/STM32F4xx_HAL_Driver/Src/stm32f4xx_hal_gpio.o
 .debug_abbrev  0x00000c36      0x347 Drivers/STM32F4xx_HAL_Driver/Src/stm32f4xx_hal_pcd.o
 .debug_abbrev  0x00000f7d      0x284 Drivers/STM32F4xx_HAL_Driver/Src/stm32f4xx_hal_pcd_ex.o
 .debug_abbrev  0x00001201      0x331 Drivers/STM32F4xx_HAL_Driver/Src/stm32f4xx_hal_rcc.o
 .debug_abbrev  0x00001532      0x2e7 Drivers/STM32F4xx_HAL_Driver/Src/stm32f4xx_hal_rcc_ex.o
 .debug_abbrev  0x00001819      0x2f0 Drivers/STM32F4xx_HAL_Driver/Src/stm32f4xx_hal_spi.o
 .debug_abbrev  0x00001b09      0x2dc Drivers/STM32F4xx_HAL_Driver/Src/stm32f4xx_hal_tim.o
 .debug_abbrev  0x00001de5      0x2dc Drivers/STM32F4xx_HAL_Driver/Src/stm32f4xx_hal_tim_ex.o
 .debug_abbrev  0x000020c1      0x304 Drivers/STM32F4xx_HAL_Driver/Src/stm32f4xx_ll_usb.o
 .debug_abbrev  0x000023c5      0x312 Middlewares/ST/STM32_USB_Device_Library/Class/CDC/Src/usbd_cdc.o
 .debug_abbrev  0x000026d7      0x2c6 Middlewares/ST/STM32_USB_Device_Library/Core/Src/usbd_core.o
 .debug_abbrev  0x0000299d      0x327 Middlewares/ST/STM32_USB_Device_Library/Core/Src/usbd_ctlreq.o
 .debug_abbrev  0x00002cc4      0x213 Middlewares/ST/STM32_USB_Device_Library/Core/Src/usbd_ioreq.o
 .debug_abbrev  0x00002ed7      0x269 Src/DRV8323.o
 .debug_abbrev  0x00003140      0x33e Src/main.o
 .debug_abbrev  0x0000347e      0x2b1 Src/stm32f4xx_hal_msp.o
 .debug_abbrev  0x0000372f      0x239 Src/stm32f4xx_it.o
 .debug_abbrev  0x00003968      0x205 Src/system_stm32f4xx.o
 .debug_abbrev  0x00003b6d      0x2c2 Src/usb.o
 .debug_abbrev  0x00003e2f      0x216 Src/usb_device.o
 .debug_abbrev  0x00004045      0x2c7 Src/usbd_cdc_if.o
 .debug_abbrev  0x0000430c      0x2fa Src/usbd_conf.o
 .debug_abbrev  0x00004606      0x281 Src/usbd_desc.o
 .debug_abbrev  0x00004887       0x12 startup/startup_stm32f446xx.o

.debug_loc      0x00000000     0xd1ea
 .debug_loc     0x00000000      0x108 Drivers/STM32F4xx_HAL_Driver/Src/stm32f4xx_hal.o
 .debug_loc     0x00000108      0x95e Drivers/STM32F4xx_HAL_Driver/Src/stm32f4xx_hal_adc.o
 .debug_loc     0x00000a66      0x5ce Drivers/STM32F4xx_HAL_Driver/Src/stm32f4xx_hal_cortex.o
 .debug_loc     0x00001034      0x414 Drivers/STM32F4xx_HAL_Driver/Src/stm32f4xx_hal_gpio.o
 .debug_loc     0x00001448      0xc84 Drivers/STM32F4xx_HAL_Driver/Src/stm32f4xx_hal_pcd.o
 .debug_loc     0x000020cc      0x104 Drivers/STM32F4xx_HAL_Driver/Src/stm32f4xx_hal_pcd_ex.o
 .debug_loc     0x000021d0      0x3e6 Drivers/STM32F4xx_HAL_Driver/Src/stm32f4xx_hal_rcc.o
 .debug_loc     0x000025b6      0xb83 Drivers/STM32F4xx_HAL_Driver/Src/stm32f4xx_hal_rcc_ex.o
 .debug_loc     0x00003139     0x1984 Drivers/STM32F4xx_HAL_Driver/Src/stm32f4xx_hal_spi.o
 .debug_loc     0x00004abd     0x34bc Drivers/STM32F4xx_HAL_Driver/Src/stm32f4xx_hal_tim.o
 .debug_loc     0x00007f79      0xe78 Drivers/STM32F4xx_HAL_Driver/Src/stm32f4xx_hal_tim_ex.o
 .debug_loc     0x00008df1     0x156c Drivers/STM32F4xx_HAL_Driver/Src/stm32f4xx_ll_usb.o
 .debug_loc     0x0000a35d      0x4b9 Middlewares/ST/STM32_USB_Device_Library/Class/CDC/Src/usbd_cdc.o
 .debug_loc     0x0000a816      0x71c Middlewares/ST/STM32_USB_Device_Library/Core/Src/usbd_core.o
 .debug_loc     0x0000af32      0xb99 Middlewares/ST/STM32_USB_Device_Library/Core/Src/usbd_ctlreq.o
 .debug_loc     0x0000bacb      0x23c Middlewares/ST/STM32_USB_Device_Library/Core/Src/usbd_ioreq.o
 .debug_loc     0x0000bd07       0x8e Src/DRV8323.o
 .debug_loc     0x0000bd95       0xac Src/main.o
 .debug_loc     0x0000be41       0xbe Src/stm32f4xx_hal_msp.o
 .debug_loc     0x0000beff      0x13e Src/system_stm32f4xx.o
 .debug_loc     0x0000c03d      0x130 Src/usb.o
 .debug_loc     0x0000c16d      0x113 Src/usbd_cdc_if.o
 .debug_loc     0x0000c280      0xc92 Src/usbd_conf.o
 .debug_loc     0x0000cf12      0x2d8 Src/usbd_desc.o

.debug_aranges  0x00000000     0x12c8
 .debug_aranges
                0x00000000       0xe0 Drivers/STM32F4xx_HAL_Driver/Src/stm32f4xx_hal.o
 .debug_aranges
                0x000000e0       0xe8 Drivers/STM32F4xx_HAL_Driver/Src/stm32f4xx_hal_adc.o
 .debug_aranges
                0x000001c8       0xa8 Drivers/STM32F4xx_HAL_Driver/Src/stm32f4xx_hal_cortex.o
 .debug_aranges
                0x00000270       0x58 Drivers/STM32F4xx_HAL_Driver/Src/stm32f4xx_hal_gpio.o
 .debug_aranges
                0x000002c8      0x120 Drivers/STM32F4xx_HAL_Driver/Src/stm32f4xx_hal_pcd.o
 .debug_aranges
                0x000003e8       0x40 Drivers/STM32F4xx_HAL_Driver/Src/stm32f4xx_hal_pcd_ex.o
 .debug_aranges
                0x00000428       0x88 Drivers/STM32F4xx_HAL_Driver/Src/stm32f4xx_hal_rcc.o
 .debug_aranges
                0x000004b0       0x78 Drivers/STM32F4xx_HAL_Driver/Src/stm32f4xx_hal_rcc_ex.o
 .debug_aranges
                0x00000528      0x1c8 Drivers/STM32F4xx_HAL_Driver/Src/stm32f4xx_hal_spi.o
 .debug_aranges
                0x000006f0      0x368 Drivers/STM32F4xx_HAL_Driver/Src/stm32f4xx_hal_tim.o
 .debug_aranges
                0x00000a58      0x140 Drivers/STM32F4xx_HAL_Driver/Src/stm32f4xx_hal_tim_ex.o
 .debug_aranges
                0x00000b98      0x180 Drivers/STM32F4xx_HAL_Driver/Src/stm32f4xx_ll_usb.o
 .debug_aranges
                0x00000d18       0x90 Middlewares/ST/STM32_USB_Device_Library/Class/CDC/Src/usbd_cdc.o
 .debug_aranges
                0x00000da8       0xb8 Middlewares/ST/STM32_USB_Device_Library/Core/Src/usbd_core.o
 .debug_aranges
                0x00000e60       0x88 Middlewares/ST/STM32_USB_Device_Library/Core/Src/usbd_ctlreq.o
 .debug_aranges
                0x00000ee8       0x50 Middlewares/ST/STM32_USB_Device_Library/Core/Src/usbd_ioreq.o
 .debug_aranges
                0x00000f38       0x30 Src/DRV8323.o
 .debug_aranges
                0x00000f68       0x58 Src/main.o
 .debug_aranges
                0x00000fc0       0x58 Src/stm32f4xx_hal_msp.o
 .debug_aranges
                0x00001018       0x68 Src/stm32f4xx_it.o
 .debug_aranges
                0x00001080       0x28 Src/system_stm32f4xx.o
 .debug_aranges
                0x000010a8       0x40 Src/usb.o
 .debug_aranges
                0x000010e8       0x20 Src/usb_device.o
 .debug_aranges
                0x00001108       0x40 Src/usbd_cdc_if.o
 .debug_aranges
                0x00001148      0x100 Src/usbd_conf.o
 .debug_aranges
                0x00001248       0x58 Src/usbd_desc.o
 .debug_aranges
                0x000012a0       0x28 startup/startup_stm32f446xx.o

.debug_ranges   0x00000000     0x11b0
 .debug_ranges  0x00000000       0xd0 Drivers/STM32F4xx_HAL_Driver/Src/stm32f4xx_hal.o
 .debug_ranges  0x000000d0       0xd8 Drivers/STM32F4xx_HAL_Driver/Src/stm32f4xx_hal_adc.o
 .debug_ranges  0x000001a8       0xf8 Drivers/STM32F4xx_HAL_Driver/Src/stm32f4xx_hal_cortex.o
 .debug_ranges  0x000002a0       0x48 Drivers/STM32F4xx_HAL_Driver/Src/stm32f4xx_hal_gpio.o
 .debug_ranges  0x000002e8      0x110 Drivers/STM32F4xx_HAL_Driver/Src/stm32f4xx_hal_pcd.o
 .debug_ranges  0x000003f8       0x30 Drivers/STM32F4xx_HAL_Driver/Src/stm32f4xx_hal_pcd_ex.o
 .debug_ranges  0x00000428       0x90 Drivers/STM32F4xx_HAL_Driver/Src/stm32f4xx_hal_rcc.o
 .debug_ranges  0x000004b8       0x80 Drivers/STM32F4xx_HAL_Driver/Src/stm32f4xx_hal_rcc_ex.o
 .debug_ranges  0x00000538      0x1b8 Drivers/STM32F4xx_HAL_Driver/Src/stm32f4xx_hal_spi.o
 .debug_ranges  0x000006f0      0x358 Drivers/STM32F4xx_HAL_Driver/Src/stm32f4xx_hal_tim.o
 .debug_ranges  0x00000a48      0x130 Drivers/STM32F4xx_HAL_Driver/Src/stm32f4xx_hal_tim_ex.o
 .debug_ranges  0x00000b78      0x170 Drivers/STM32F4xx_HAL_Driver/Src/stm32f4xx_ll_usb.o
 .debug_ranges  0x00000ce8       0x80 Middlewares/ST/STM32_USB_Device_Library/Class/CDC/Src/usbd_cdc.o
 .debug_ranges  0x00000d68       0xa8 Middlewares/ST/STM32_USB_Device_Library/Core/Src/usbd_core.o
 .debug_ranges  0x00000e10       0x78 Middlewares/ST/STM32_USB_Device_Library/Core/Src/usbd_ctlreq.o
 .debug_ranges  0x00000e88       0x40 Middlewares/ST/STM32_USB_Device_Library/Core/Src/usbd_ioreq.o
 .debug_ranges  0x00000ec8       0x20 Src/DRV8323.o
 .debug_ranges  0x00000ee8       0x48 Src/main.o
 .debug_ranges  0x00000f30       0x48 Src/stm32f4xx_hal_msp.o
 .debug_ranges  0x00000f78       0x58 Src/stm32f4xx_it.o
 .debug_ranges  0x00000fd0       0x18 Src/system_stm32f4xx.o
 .debug_ranges  0x00000fe8       0x30 Src/usb.o
 .debug_ranges  0x00001018       0x10 Src/usb_device.o
 .debug_ranges  0x00001028       0x30 Src/usbd_cdc_if.o
 .debug_ranges  0x00001058       0xf0 Src/usbd_conf.o
 .debug_ranges  0x00001148       0x48 Src/usbd_desc.o
 .debug_ranges  0x00001190       0x20 startup/startup_stm32f446xx.o

.debug_macro    0x00000000    0x26885
 .debug_macro   0x00000000      0x3be Drivers/STM32F4xx_HAL_Driver/Src/stm32f4xx_hal.o
 .debug_macro   0x000003be      0x8bc Drivers/STM32F4xx_HAL_Driver/Src/stm32f4xx_hal.o
 .debug_macro   0x00000c7a       0x22 Drivers/STM32F4xx_HAL_Driver/Src/stm32f4xx_hal.o
 .debug_macro   0x00000c9c       0x22 Drivers/STM32F4xx_HAL_Driver/Src/stm32f4xx_hal.o
 .debug_macro   0x00000cbe       0x87 Drivers/STM32F4xx_HAL_Driver/Src/stm32f4xx_hal.o
 .debug_macro   0x00000d45       0x51 Drivers/STM32F4xx_HAL_Driver/Src/stm32f4xx_hal.o
 .debug_macro   0x00000d96       0xef Drivers/STM32F4xx_HAL_Driver/Src/stm32f4xx_hal.o
 .debug_macro   0x00000e85       0x6a Drivers/STM32F4xx_HAL_Driver/Src/stm32f4xx_hal.o
 .debug_macro   0x00000eef      0x1df Drivers/STM32F4xx_HAL_Driver/Src/stm32f4xx_hal.o
 .debug_macro   0x000010ce       0xdc Drivers/STM32F4xx_HAL_Driver/Src/stm32f4xx_hal.o
 .debug_macro   0x000011aa      0x18c Drivers/STM32F4xx_HAL_Driver/Src/stm32f4xx_hal.o
 .debug_macro   0x00001336       0x32 Drivers/STM32F4xx_HAL_Driver/Src/stm32f4xx_hal.o
 .debug_macro   0x00001368       0x28 Drivers/STM32F4xx_HAL_Driver/Src/stm32f4xx_hal.o
 .debug_macro   0x00001390       0x3b Drivers/STM32F4xx_HAL_Driver/Src/stm32f4xx_hal.o
 .debug_macro   0x000013cb       0x50 Drivers/STM32F4xx_HAL_Driver/Src/stm32f4xx_hal.o
 .debug_macro   0x0000141b      0xe66 Drivers/STM32F4xx_HAL_Driver/Src/stm32f4xx_hal.o
 .debug_macro   0x00002281    0x16607 Drivers/STM32F4xx_HAL_Driver/Src/stm32f4xx_hal.o
 .debug_macro   0x00018888       0x43 Drivers/STM32F4xx_HAL_Driver/Src/stm32f4xx_hal.o
 .debug_macro   0x000188cb     0x3535 Drivers/STM32F4xx_HAL_Driver/Src/stm32f4xx_hal.o
 .debug_macro   0x0001be00       0x58 Drivers/STM32F4xx_HAL_Driver/Src/stm32f4xx_hal.o
 .debug_macro   0x0001be58       0x35 Drivers/STM32F4xx_HAL_Driver/Src/stm32f4xx_hal.o
 .debug_macro   0x0001be8d       0x9c Drivers/STM32F4xx_HAL_Driver/Src/stm32f4xx_hal.o
 .debug_macro   0x0001bf29       0x16 Drivers/STM32F4xx_HAL_Driver/Src/stm32f4xx_hal.o
 .debug_macro   0x0001bf3f       0x97 Drivers/STM32F4xx_HAL_Driver/Src/stm32f4xx_hal.o
 .debug_macro   0x0001bfd6      0x330 Drivers/STM32F4xx_HAL_Driver/Src/stm32f4xx_hal.o
 .debug_macro   0x0001c306       0xfd Drivers/STM32F4xx_HAL_Driver/Src/stm32f4xx_hal.o
 .debug_macro   0x0001c403       0x10 Drivers/STM32F4xx_HAL_Driver/Src/stm32f4xx_hal.o
 .debug_macro   0x0001c413       0x58 Drivers/STM32F4xx_HAL_Driver/Src/stm32f4xx_hal.o
 .debug_macro   0x0001c46b       0x1f Drivers/STM32F4xx_HAL_Driver/Src/stm32f4xx_hal.o
 .debug_macro   0x0001c48a       0x43 Drivers/STM32F4xx_HAL_Driver/Src/stm32f4xx_hal.o
 .debug_macro   0x0001c4cd       0x20 Drivers/STM32F4xx_HAL_Driver/Src/stm32f4xx_hal.o
 .debug_macro   0x0001c4ed      0x187 Drivers/STM32F4xx_HAL_Driver/Src/stm32f4xx_hal.o
 .debug_macro   0x0001c674       0x10 Drivers/STM32F4xx_HAL_Driver/Src/stm32f4xx_hal.o
 .debug_macro   0x0001c684       0x1c Drivers/STM32F4xx_HAL_Driver/Src/stm32f4xx_hal.o
 .debug_macro   0x0001c6a0       0x52 Drivers/STM32F4xx_HAL_Driver/Src/stm32f4xx_hal.o
 .debug_macro   0x0001c6f2       0x40 Drivers/STM32F4xx_HAL_Driver/Src/stm32f4xx_hal.o
 .debug_macro   0x0001c732       0x10 Drivers/STM32F4xx_HAL_Driver/Src/stm32f4xx_hal.o
 .debug_macro   0x0001c742       0x40 Drivers/STM32F4xx_HAL_Driver/Src/stm32f4xx_hal.o
 .debug_macro   0x0001c782       0xd7 Drivers/STM32F4xx_HAL_Driver/Src/stm32f4xx_hal.o
 .debug_macro   0x0001c859       0x16 Drivers/STM32F4xx_HAL_Driver/Src/stm32f4xx_hal.o
 .debug_macro   0x0001c86f      0x18b Drivers/STM32F4xx_HAL_Driver/Src/stm32f4xx_hal.o
 .debug_macro   0x0001c9fa       0x50 Drivers/STM32F4xx_HAL_Driver/Src/stm32f4xx_hal.o
 .debug_macro   0x0001ca4a      0xc90 Drivers/STM32F4xx_HAL_Driver/Src/stm32f4xx_hal.o
 .debug_macro   0x0001d6da      0xa02 Drivers/STM32F4xx_HAL_Driver/Src/stm32f4xx_hal.o
 .debug_macro   0x0001e0dc      0x11e Drivers/STM32F4xx_HAL_Driver/Src/stm32f4xx_hal.o
 .debug_macro   0x0001e1fa      0x1a0 Drivers/STM32F4xx_HAL_Driver/Src/stm32f4xx_hal.o
 .debug_macro   0x0001e39a       0x27 Drivers/STM32F4xx_HAL_Driver/Src/stm32f4xx_hal.o
 .debug_macro   0x0001e3c1      0x287 Drivers/STM32F4xx_HAL_Driver/Src/stm32f4xx_hal.o
 .debug_macro   0x0001e648       0x5f Drivers/STM32F4xx_HAL_Driver/Src/stm32f4xx_hal.o
 .debug_macro   0x0001e6a7      0x23a Drivers/STM32F4xx_HAL_Driver/Src/stm32f4xx_hal.o
 .debug_macro   0x0001e8e1      0x391 Drivers/STM32F4xx_HAL_Driver/Src/stm32f4xx_hal.o
 .debug_macro   0x0001ec72      0x17d Drivers/STM32F4xx_HAL_Driver/Src/stm32f4xx_hal.o
 .debug_macro   0x0001edef       0xf9 Drivers/STM32F4xx_HAL_Driver/Src/stm32f4xx_hal.o
 .debug_macro   0x0001eee8      0x13a Drivers/STM32F4xx_HAL_Driver/Src/stm32f4xx_hal.o
 .debug_macro   0x0001f022      0x29c Drivers/STM32F4xx_HAL_Driver/Src/stm32f4xx_hal.o
 .debug_macro   0x0001f2be       0x2e Drivers/STM32F4xx_HAL_Driver/Src/stm32f4xx_hal.o
 .debug_macro   0x0001f2ec      0x11e Drivers/STM32F4xx_HAL_Driver/Src/stm32f4xx_hal.o
 .debug_macro   0x0001f40a       0xe8 Drivers/STM32F4xx_HAL_Driver/Src/stm32f4xx_hal.o
 .debug_macro   0x0001f4f2       0x89 Drivers/STM32F4xx_HAL_Driver/Src/stm32f4xx_hal.o
 .debug_macro   0x0001f57b      0x202 Drivers/STM32F4xx_HAL_Driver/Src/stm32f4xx_hal.o
 .debug_macro   0x0001f77d      0x6e0 Drivers/STM32F4xx_HAL_Driver/Src/stm32f4xx_hal.o
 .debug_macro   0x0001fe5d       0x60 Drivers/STM32F4xx_HAL_Driver/Src/stm32f4xx_hal.o
 .debug_macro   0x0001febd      0x14d Drivers/STM32F4xx_HAL_Driver/Src/stm32f4xx_hal.o
 .debug_macro   0x0002000a      0x1df Drivers/STM32F4xx_HAL_Driver/Src/stm32f4xx_hal.o
 .debug_macro   0x000201e9      0x115 Drivers/STM32F4xx_HAL_Driver/Src/stm32f4xx_hal.o
 .debug_macro   0x000202fe      0x12d Drivers/STM32F4xx_HAL_Driver/Src/stm32f4xx_hal.o
 .debug_macro   0x0002042b      0x35f Drivers/STM32F4xx_HAL_Driver/Src/stm32f4xx_hal_adc.o
 .debug_macro   0x0002078a      0x35e Drivers/STM32F4xx_HAL_Driver/Src/stm32f4xx_hal_cortex.o
 .debug_macro   0x00020ae8      0x396 Drivers/STM32F4xx_HAL_Driver/Src/stm32f4xx_hal_gpio.o
 .debug_macro   0x00020e7e      0x36a Drivers/STM32F4xx_HAL_Driver/Src/stm32f4xx_hal_pcd.o
 .debug_macro   0x000211e8      0x35e Drivers/STM32F4xx_HAL_Driver/Src/stm32f4xx_hal_pcd_ex.o
 .debug_macro   0x00021546      0x382 Drivers/STM32F4xx_HAL_Driver/Src/stm32f4xx_hal_rcc.o
 .debug_macro   0x000218c8      0x35e Drivers/STM32F4xx_HAL_Driver/Src/stm32f4xx_hal_rcc_ex.o
 .debug_macro   0x00021c26      0x366 Drivers/STM32F4xx_HAL_Driver/Src/stm32f4xx_hal_spi.o
 .debug_macro   0x00021f8c      0x35e Drivers/STM32F4xx_HAL_Driver/Src/stm32f4xx_hal_tim.o
 .debug_macro   0x000222ea      0x35e Drivers/STM32F4xx_HAL_Driver/Src/stm32f4xx_hal_tim_ex.o
 .debug_macro   0x00022648      0x365 Drivers/STM32F4xx_HAL_Driver/Src/stm32f4xx_ll_usb.o
 .debug_macro   0x000229ad      0x41a Middlewares/ST/STM32_USB_Device_Library/Class/CDC/Src/usbd_cdc.o
 .debug_macro   0x00022dc7       0x52 Middlewares/ST/STM32_USB_Device_Library/Class/CDC/Src/usbd_cdc.o
 .debug_macro   0x00022e19       0x8d Middlewares/ST/STM32_USB_Device_Library/Class/CDC/Src/usbd_cdc.o
 .debug_macro   0x00022ea6       0x57 Middlewares/ST/STM32_USB_Device_Library/Class/CDC/Src/usbd_cdc.o
 .debug_macro   0x00022efd       0x16 Middlewares/ST/STM32_USB_Device_Library/Class/CDC/Src/usbd_cdc.o
 .debug_macro   0x00022f13       0x35 Middlewares/ST/STM32_USB_Device_Library/Class/CDC/Src/usbd_cdc.o
 .debug_macro   0x00022f48       0x16 Middlewares/ST/STM32_USB_Device_Library/Class/CDC/Src/usbd_cdc.o
 .debug_macro   0x00022f5e       0x29 Middlewares/ST/STM32_USB_Device_Library/Class/CDC/Src/usbd_cdc.o
 .debug_macro   0x00022f87       0x16 Middlewares/ST/STM32_USB_Device_Library/Class/CDC/Src/usbd_cdc.o
 .debug_macro   0x00022f9d       0x35 Middlewares/ST/STM32_USB_Device_Library/Class/CDC/Src/usbd_cdc.o
 .debug_macro   0x00022fd2       0x6b Middlewares/ST/STM32_USB_Device_Library/Class/CDC/Src/usbd_cdc.o
 .debug_macro   0x0002303d      0x1c3 Middlewares/ST/STM32_USB_Device_Library/Class/CDC/Src/usbd_cdc.o
 .debug_macro   0x00023200       0x83 Middlewares/ST/STM32_USB_Device_Library/Class/CDC/Src/usbd_cdc.o
 .debug_macro   0x00023283      0x3f3 Middlewares/ST/STM32_USB_Device_Library/Core/Src/usbd_core.o
 .debug_macro   0x00023676      0x1c9 Middlewares/ST/STM32_USB_Device_Library/Core/Src/usbd_core.o
 .debug_macro   0x0002383f      0x3fd Middlewares/ST/STM32_USB_Device_Library/Core/Src/usbd_ctlreq.o
 .debug_macro   0x00023c3c      0x3f9 Middlewares/ST/STM32_USB_Device_Library/Core/Src/usbd_ioreq.o
 .debug_macro   0x00024035      0x389 Src/DRV8323.o
 .debug_macro   0x000243be       0xe2 Src/DRV8323.o
 .debug_macro   0x000244a0       0x4c Src/DRV8323.o
 .debug_macro   0x000244ec      0x43b Src/main.o
 .debug_macro   0x00024927       0x52 Src/main.o
 .debug_macro   0x00024979      0x362 Src/stm32f4xx_hal_msp.o
 .debug_macro   0x00024cdb      0x368 Src/stm32f4xx_it.o
 .debug_macro   0x00025043      0x36a Src/system_stm32f4xx.o
 .debug_macro   0x000253ad      0x430 Src/usb.o
 .debug_macro   0x000257dd      0x434 Src/usb_device.o
 .debug_macro   0x00025c11      0x43a Src/usbd_cdc_if.o
 .debug_macro   0x0002604b      0x403 Src/usbd_conf.o
 .debug_macro   0x0002644e      0x437 Src/usbd_desc.o

.debug_line     0x00000000    0x1408a
 .debug_line    0x00000000      0xac0 Drivers/STM32F4xx_HAL_Driver/Src/stm32f4xx_hal.o
 .debug_line    0x00000ac0      0xd59 Drivers/STM32F4xx_HAL_Driver/Src/stm32f4xx_hal_adc.o
 .debug_line    0x00001819      0xafc Drivers/STM32F4xx_HAL_Driver/Src/stm32f4xx_hal_cortex.o
 .debug_line    0x00002315      0xa66 Drivers/STM32F4xx_HAL_Driver/Src/stm32f4xx_hal_gpio.o
 .debug_line    0x00002d7b      0xdfc Drivers/STM32F4xx_HAL_Driver/Src/stm32f4xx_hal_pcd.o
 .debug_line    0x00003b77      0x965 Drivers/STM32F4xx_HAL_Driver/Src/stm32f4xx_hal_pcd_ex.o
 .debug_line    0x000044dc      0xb4a Drivers/STM32F4xx_HAL_Driver/Src/stm32f4xx_hal_rcc.o
 .debug_line    0x00005026      0xd1a Drivers/STM32F4xx_HAL_Driver/Src/stm32f4xx_hal_rcc_ex.o
 .debug_line    0x00005d40     0x12cc Drivers/STM32F4xx_HAL_Driver/Src/stm32f4xx_hal_spi.o
 .debug_line    0x0000700c     0x1a11 Drivers/STM32F4xx_HAL_Driver/Src/stm32f4xx_hal_tim.o
 .debug_line    0x00008a1d      0xe9c Drivers/STM32F4xx_HAL_Driver/Src/stm32f4xx_hal_tim_ex.o
 .debug_line    0x000098b9      0xf48 Drivers/STM32F4xx_HAL_Driver/Src/stm32f4xx_ll_usb.o
 .debug_line    0x0000a801      0xc2c Middlewares/ST/STM32_USB_Device_Library/Class/CDC/Src/usbd_cdc.o
 .debug_line    0x0000b42d      0xc02 Middlewares/ST/STM32_USB_Device_Library/Core/Src/usbd_core.o
 .debug_line    0x0000c02f      0xc19 Middlewares/ST/STM32_USB_Device_Library/Core/Src/usbd_ctlreq.o
 .debug_line    0x0000cc48      0xa8d Middlewares/ST/STM32_USB_Device_Library/Core/Src/usbd_ioreq.o